[WO start 2026-09-21 16:36:31]
Review is in `docs/i18n/global-plan/reviews/native/de-a.md`. Guidance pack plus columns 001–009; 64 findings (22 P1, 42 P2). Naturalness: **4/5** guidance, **3/5** columns. Wei Tseng is correctly feminine throughout. No source files were edited.

Last 15 lines of the output file:

```
| 50 | P2 | A | columns-de/004-taiwan-company-subsidiary-vs-branch.md | "Artikel 10-1 der Verordnung zur industriellen Innovation (產業創新條例)" | 條例 is an act, not a *Verordnung* (regulation). Recurs in §4–§5. | Artikel 10-1 des Gesetzes zur industriellen Innovation (產業創新條例) |
| 51 | P2 | G | columns-de/005-taiwan-company-establishment-advanced-2.md | "Die folgenden Fragen und Antworten (Q&A) sollen Personen helfen" | English abbreviation left in running German. | Die folgenden Fragen und Antworten sollen Personen helfen, die eine Gesellschaftsgründung in Taiwan erwägen. |
| 52 | P2 | E | columns-de/005-taiwan-company-establishment-advanced-2.md | "Wenn Sie weitere Fragen haben, können Sie uns kontaktieren." | Open invitation with no “no immediate reply” caveat; English source was “contact us at any time”. | Sie können eine Anfrage über das Kontaktformular senden; eine umgehende Antwort wird nicht zugesagt. |
| 53 | P2 | G | columns-de/005-taiwan-company-establishment-advanced-2.md | "Kapitalüberweisung an die taiwanische juristische Person (台灣法人)" | Simplified 台 inside a Traditional-Chinese gloss; the rest of the site uses 臺. | (臺灣法人) |
| 54 | P2 | A | columns-de/006-taiwan-massage-history-law.md | "Schließlich erklärten die Verfassungsrichter (大法官) die Gesetzesvorschrift" | *die Verfassungsrichter* is comic-plain; 大法官 are the Grand Justices / Constitutional Court. | Schließlich erklärte das Verfassungsgericht (大法官) die Gesetzesvorschrift |
| 55 | P2 | A | columns-de/007-taiwan-divorce-lawsuit-qna.md | "Notunterhalt (贍養費) für den unschuldigen Ehegatten nach Artikel 1057" | German *Notunterhalt* is emergency maintenance during proceedings; 贍養費 is post-divorce spousal maintenance. The body later says this better. Also FAQ. | nachehelicher Unterhalt (贍養費) für den unschuldigen Ehegatten nach Artikel 1057 |
| 56 | P2 | D | columns-de/007-taiwan-divorce-lawsuit-qna.md | "Entscheidung Nummer 4 des Jahres 112 (112年憲判字第4號)" | ROC year 112 unexplained; a DACH reader will not map it to 2023. | Entscheidung Nummer 4 des Jahres 112 (2023, Minguo 112) (112年憲判字第4號) |
| 57 | P2 | C | columns-de/007-taiwan-divorce-lawsuit-qna.md | "Nicht stets. Das taiwanesische Gericht kann nach der Natur der Familiensache" | Section 3 opens with the bare FAQ answer “Nicht stets.”; the heading is not the question. Same pattern in §6 “Nein.” | Heading: Müssen Ehegatten bei der Mediation stets gemeinsam erscheinen? Body: Nicht stets. Das taiwanische Gericht kann… |
| 58 | P2 | B | columns-de/008-taiwan-labor-severance-law.md | "Ist Abfindung in Taiwan wirklich schwer zu erhalten??" | Double question mark in the title (and again in the H1); blog clickbait on a client-facing legal article. | Abfindung in Taiwan: wann sie gezahlt wird und wann nicht |
| 59 | P2 | A | columns-de/008-taiwan-labor-severance-law.md | "Artikel 12 der Verordnung über die Altersversorgung der Arbeitnehmer (勞工退休金條例)" | 條例 is an act, not a *Verordnung*. Also the FAQ answer. | Artikel 12 des Gesetzes über die Altersversorgung der Arbeitnehmer (勞工退休金條例) |
| 60 | P2 | C | columns-de/008-taiwan-labor-severance-law.md | "Guten Tag, ich bin Wei Tseng (曾雋崴), taiwanesische Anwältin." | Sudden informal blog voice after the rest of the German site’s formal Sie-register. 003 Q16–Q20 and 006 have the same first-person shift. | Wei Tseng (曾雋崴), Rechtsanwältin in Taiwan. |
| 61 | P2 | E | columns-de/008-taiwan-labor-severance-law.md | "und die Gesellschaft hat sie selbstverständlich zu zahlen." | *selbstverständlich zu zahlen* reads as a guaranteed payout on a client page. | Liegen die gesetzlichen Voraussetzungen vor, ist die Abfindung (資遣費) ein gesetzlicher Anspruch. |
| 62 | P2 | B | columns-de/009-taiwan-voluntary-resignation-severance.md | "der ''**Zeitpunkt**'' sehr wichtig." | Mixed ASCII quotes around a bold word; looks unedited. | der **Zeitpunkt** sehr wichtig. |
| 63 | P2 | A | columns-de/009-taiwan-voluntary-resignation-severance.md | "nicht in die Arbeitsversicherung (勞保) oder Krankenversicherung (健保) aufnimmt" | *Arbeitsversicherung* is not a German branch of social insurance; 勞保 is labour insurance. | nicht in die Arbeitnehmerversicherung (勞保) oder die Krankenversicherung (健保) aufnimmt |
| 64 | P2 | B | columns-de/003-taiwan-traffic-accident-procedure.md | "taiwanesische Vorschriften und Hinweise öffentlicher Stellen" | Site mixes *taiwanisch* (pack, 001–002, 004–005) and *taiwanesisch* (003, 006–009). Pick *taiwanisch*. | taiwanische Vorschriften und Hinweise öffentlicher Stellen |
```
=== end code=0 2026-09-21 16:45:02 ===
