WO-N-is-a — Icelandic columns 001–009
Workspace: /Users/son7/Projects/tseng-law-new-is-20260922
Date: 2026-09-22
Agent: Grok 4.6

## File count
9 files in src/content/columns-is/:
001-taiwan-company-establishment-basics.md
002-withdraw-capital-taiwan-company.md
003-taiwan-traffic-accident-procedure.md
004-taiwan-company-subsidiary-vs-branch.md
005-taiwan-company-establishment-advanced-2.md
006-taiwan-massage-history-law.md
007-taiwan-divorce-lawsuit-qna.md
008-taiwan-labor-severance-law.md
009-taiwan-voluntary-resignation-severance.md

Wrote ONLY these 9 files + this log. No git add/commit/push.

## §Verify output (verbatim)

       9

PASS  /Users/son7/Projects/tseng-law-new-is-20260922/src/content/columns-is/009-taiwan-voluntary-resignation-severance.md  lang=is
check          status  details
-------------- ------  -------
frontmatter    PASS   
headings       PASS   levels=[1]
images         PASS   count=2
blocks         PASS   blocks=44
links          PASS   hrefs=3
hangul         PASS   
english        PASS   
forbidden      PASS   
hanzi          PASS   han=70
numbers        WARN   수사미해석 (1): 제6호
                      sourceCount=11 targetCount=11
nationality    PASS   
langid         PASS   
currency       PASS   

summary  PASS  9/9 files
       0
      33

Pass: summary PASS 9/9 files. Markers 0.

## Key term choices (Icelandic + Traditional-Chinese gloss)
- atvinnuleyfi (工作許可)
- dvalarleyfisskírteini útlendinga (外僑居留證)
- lögbundinn starfslokastyrkur (資遣費)
- lög um vinnustaðla (勞動基準法)
- hluthafar (股東)
- eftirlitamaður félags (監察人)
- skammtíma fangelsisvist (拘役)
- skilorðsbundin frestun refsingar (緩刑)
- forsjá og foreldraábyrgð gagnvart ólögráða börnum (未成年子女權利義務之行使或負擔)
- umgengni (會面交往)

Also used consistently: dótturfélag (子公司), útibú (分公司), umboðsskrifstofa (代表人辦事處), ráðningarsamningur (勞動契約), vinnureglur (工作規則), heimilisskrá (戶籍), þriðji aðili (第三人). Byline **Lögmaður Wei Tseng (曾雋崴)** (feminine; Latin name kept).

Register: þú; quotes „…“; dates 13. september 2025; thousands 1.000.000; categories from src/lib/columns.ts (Félagastofnun á Taívan / Lagaupplýsingar um Taívan). R2 Korea as labelled example only; no Ísland. R3 no result/availability promises. Consultation not implied in Icelandic.

## Unresolved
- Checker has no Icelandic ordinal specs, so 제N항 / 제N호 / 제3자 stay WARN (002, 003, 004, 007, 009). Digit bags still matched where required.
- 007 numbers WARN extra 2023×4 (judgment label 112年 / 2023, same pattern as da/en).
- 006 numbers WARN extra 1×2 (한 → 1, same as da).
- Icelandic verbs are largely ungendered; feminine is marked in bylines, hún, and feminine adjectives (löggilt) where the language distinguishes.
- No native Icelandic attorney review of these 9 files.
