WO-N-mn-a — Mongolian (Cyrillic) columns 001–009
Workspace: /Users/son7/Projects/tseng-law-new-mn-20260922
Agent: Grok 4.6 (Cursor)
Date: 2026-09-22

## Files
9 files in src/content/columns-mn/:
001-taiwan-company-establishment-basics.md
002-withdraw-capital-taiwan-company.md
003-taiwan-traffic-accident-procedure.md
004-taiwan-company-subsidiary-vs-branch.md
005-taiwan-company-establishment-advanced-2.md
006-taiwan-massage-history-law.md
007-taiwan-divorce-lawsuit-qna.md
008-taiwan-labor-severance-law.md
009-taiwan-voluntary-resignation-severance.md

## §Verify (verbatim)

ls src/content/columns-mn/*.md | wc -l
       9

node scripts/check-column-translation.mjs --dir src/content/columns-mn --lang mn 2>&1 | tail -20
currency       PASS   

PASS  /Users/son7/Projects/tseng-law-new-mn-20260922/src/content/columns-mn/009-taiwan-voluntary-resignation-severance.md  lang=mn
check          status  details
-------------- ------  -------
frontmatter    PASS   
headings       PASS   levels=[1]
images         PASS   count=2
blocks         PASS   blocks=44
links          PASS   hrefs=3
hangul         PASS   
english        PASS   
forbidden      PASS   
hanzi          PASS   han=65
numbers        PASS   sourceCount=10 targetCount=10
nationality    PASS   
langid         PASS   
currency       PASS   

summary  PASS  9/9 files

grep -rn "\[변호사 검수 필요\]" src/content/columns-mn | wc -l
       0

git status --short | wc -l
      34

## Key terms (Mongolian + Traditional-Chinese gloss)
- хөдөлмөр эрхлэх зөвшөөрөл (工作許可)
- гадаадын иргэний оршин суух үнэмлэх (外僑居留證)
- ажлаас чөлөөлөх төлбөр (資遣費)
- Хөдөлмөрийн суурь стандартын тухай хууль (勞動基準法)
- зөвхөн гомдлоор яллах гэмт хэрэг (告訴乃論之罪)
- тэнсэн харгалзах ял (緩刑)
- болгоомжгүйгээр бие махбодид гэмтэл учруулах (過失傷害)
- хувьцаа эзэмшигч (股東)
- охин компани (子公司) / салбар (分公司)
- насанд хүрээгүй хүүхдийн эрх, үүргийг хэрэгжүүлэх буюу хүлээх (未成年子女權利義務之行使或負擔)
- уулзалт харилцаа (會面交往)
- өрхийн бүртгэл (戶籍)
- ажлын журам (工作規則)

Register: formal Та; quotes «»; date_display 2025.09.13; thousands 100,000; byline **Эмэгтэй өмгөөлөгч Wei Tseng (曾雋崴)** (Latin name kept). Categories from columns.ts mn: formation / legal. Consultation languages not implied in mn. R2–R10 applied from ru decisions (Korea as labelled example Солонгос only; 003 R3/R7/R9; 005 hiring/contact; 007 family; 008/009 unlike-some-jurisdictions).

## Unresolved
- numbers WARN (not FAIL; sourceCount=targetCount) on leftover Korean ordinal tokens the checker still lists: 제1항/제2항/제N호, 1일로, case 제644호/제477호/제236호. Mongolian uses 1 дэх хэсэг / 2 дахь хэсэг / эхний шат / хоёрдугаар шат / 1 хоног and case labels 上易字 № 644; the paragraph regex does not always consume genitive хэсгийн or дахь.
- 003 Q16–Q20 keep Korean ZWSP spacers (52). Contact CTA used instead of comments; no reply-time promise.
- git status --short count 34 is the whole worktree (guidance pack + these columns + helpers), not 9-file-only.
