[WO start 2026-09-21 16:35:55]
Review is in `docs/i18n/global-plan/reviews/native/fi-b.md` (columns 010–018 only; 57 findings, P1 then P2).

**Verdict:** 2/5 naturalness. Standard Finnish, consistent. **012** is the one file a native could almost publish. **013** is leftover Korean blog. **018** is useful until *yhtiömies* (shareholder → partnership partner) and *tilintarkastaja* (covers both 監察人 and 會計師). No masculine forms for Wei Tseng.

Last 15 lines of the file:

```
| 43 | P2 | C | columns-fi/016-taiwan-inheritance-custody-analysis.md | "suoraan alenevat jälkeläiset (直系血親卑親屬) ovat sija 1 lakisääteisessä perimysjärjestyksessä" | *Sija 1* is a table rank; Finnish succession says *ensimmäinen perillisryhmä*. | suoraan alenevat jälkeläiset (直系血親卑親屬) kuuluvat ensimmäiseen perillisryhmään |
| 44 | P2 | G | columns-fi/016-taiwan-inheritance-custody-analysis.md | "Trust-varallisuus (信託) vaatii trust-sopimuksen rakenteen ja etuuksien oikeuden vahvistamisen" | English *Trust* left in running Finnish; the gloss 信託 is already there. Also “trustee (受託人)” in §7. | Trust-omaisuus (信託) vaatii trust-sopimuksen rakenteen ja edunsaajaoikeuden vahvistamisen |
| 45 | P2 | C | columns-fi/016-taiwan-inheritance-custody-analysis.md | "kun toinen vanhemmista ei voi käyttää oikeuksia ja velvollisuuksia alaikäiseen lapseen nähden" | Word-for-word 未成年子女權利義務之行使或負擔; same calque as part a. Also FAQ and §5. | kun toinen vanhemmista ei voi käyttää huoltoa (親權) alaikäiseen lapseen |
| 46 | P2 | C | columns-fi/016-taiwan-inheritance-custody-analysis.md | "hyvitys ideellisesta vahingosta (慰撫金)" | *Ideellinen vahinko* is a Swedish/German loan; Finnish civil law says aineeton vahinko / kärsimyskorvaus. | hyvitys aineettomasta vahingosta (慰撫金) |
| 47 | P2 | C | columns-fi/017-taiwan-logistics-business-setup.md | "kohdeyhtiö, luvan haltija-subjekti, säilyy samana oikeushenkilönä" | German *Rechtssubjekt* stacked into *haltija-subjekti*; Finnish says yhtiö, jolla lupa on. Also FAQ. | kohdeyhtiö, jolla lupa on, säilyy samana oikeushenkilönä |
| 48 | P2 | C | columns-fi/017-taiwan-logistics-business-setup.md | "luovutusmenettely tiedoille, tavaralle ja asiakashuomiolle sopimuksen päättyessä" | *Asiakashuomio* is a calque of customer-care/關照; Finnish is asiakaspalvelu. Also “ajoneuvojen sijoittamista ja asiakashuomiota”. | luovutusmenettely tiedoille, tavaralle ja asiakaspalvelulle sopimuksen päättyessä |
| 49 | P2 | G | columns-fi/017-taiwan-logistics-business-setup.md | "Kinmenissä (金門) ja Lienchiangissa tai Matsussa (連江・馬祖)" | Japanese nakaguro `・` inside a Finnish parenthesis. | Kinmenissä (金門) ja Lienchiangissa tai Matsussa (連江、馬祖) |
| 50 | P2 | C | columns-fi/017-taiwan-logistics-business-setup.md | "Kuitenkaan jokainen ulkomainen sijoitus ei seuraa samaa luukkua ja samaa menettelyä." | *Luukku* is a ticket window; EN is "filing route". Also “eri luukkuihin” in the next sentence. | Kuitenkaan jokainen ulkomainen sijoitus ei noudata samaa hakemusreittiä eikä samaa menettelyä. |
| 51 | P2 | C | columns-fi/018-taiwan-semiconductor-market-entry.md | "ja sen jälkeen valittava sopivin yksikkö." | EN is “the entity that fits those facts”; *sopivin* adds a “best” flavour the source avoided. | ja sen jälkeen valittava se yksikkö, joka vastaa tosiseikkoja. |
| 52 | P2 | C | columns-fi/018-taiwan-semiconductor-market-entry.md | "Edellä esitetty on ehdotus sopimuksen muotoiluun." | Contract-drafting leftover sitting under company-formation procedure (same stray line as EN, still nonsense in Finnish). | (Delete the sentence, or move it to a contracts section.) Edellä kuvataan vain menettelyä, ei sitä, miten sopimus pitäisi muotoilla. |
| 53 | P2 | C | columns-fi/018-taiwan-semiconductor-market-entry.md | "palkataanko Taiwanissa vai annetaanko työ ulkoiselle suorittajalle?" | *Suorittaja* is an executor/performer; EN is an outside service provider. | palkataanko Taiwanissa vai annetaanko työ ulkoiselle palveluntarjoajalle? |
| 54 | P2 | C | columns-fi/018-taiwan-semiconductor-market-entry.md | "Miten tytäryhtiötä, sivuliikettä tai agentuuria arvioidaan" | *Tulostruktuuri* / *agentuuri* are unidiomatic hybrids throughout 018; Finnish wants markkinoille tulon rakenne / edustussuhde. Also body “tulostruktuuria”. | Miten tytäryhtiötä, sivuliikettä tai edustussuhdetta arvioidaan |
| 55 | P2 | A | columns-fi/018-taiwan-semiconductor-market-entry.md | "vain tytäryhtiö käy sijoituslautakunnan tarkastuksen" | 投資審議司 is a department (*sijoitustarkastusosasto* in the next paragraph), not a *lautakunta* (board). | vain tytäryhtiö käy talousministeriön sijoitustarkastusosaston (經濟部投資審議司) tarkastuksen |
| 56 | P2 | C | columns-fi/018-taiwan-semiconductor-market-entry.md | "hoikempi hallinto, mutta suljetumpi osuuksien luovutus" | *Hoikka* is skinny; EN “leaner governance” is not a waist measurement. | kevyempi hallinto, mutta tiukempi osuuksien luovutus |
| 57 | P2 | C | columns-fi/013-taiwan-company-establishment-advanced-1.md | "Se, joka on lukenut [**yhtiön perustamisen perusteen**]" | *Peruste* is a legal ground; the linked article is the basics guide (perusteet). | Se, joka on lukenut [**yhtiön perustamisen perusteet**] |
```
=== end code=0 2026-09-21 16:42:49 ===
