[WO start 2026-09-21 16:25:13]
Review is in `docs/i18n/global-plan/reviews/native/da-a.md`. Guidance pack plus columns 001–009; 64 findings (20 P1, 44 P2). Naturalness: **3/5** guidance, **2/5** columns. Wei Tseng is correctly *hun*; no masculine form. Consultation lock and the negative lines are intact.

Last 15 lines of the file:

```
| 50 | P2 | E | columns-da/005-taiwan-company-establishment-advanced-2.md | "Hvis De har andre spørgsmål, kan De kontakte os." | Open invitation with no “no immediate reply” caveat; English source was “contact us at any time”. | Du kan sende en anmodning via kontaktformularen; der loves ikke svar med det samme. |
| 51 | P2 | B | columns-da/005-taiwan-company-establishment-advanced-2.md | "når kapitalen (資本額) overføres fra Korea til den taiwanske selskabs forberedelseskonto" | *Selskab* is neuter: *det taiwanske selskabs*. Same error in Q2. | når kapitalen overføres fra udlandet til det taiwanske selskabs forberedelseskonto |
| 52 | P2 | B | columns-da/004-taiwan-company-subsidiary-vs-branch.md | "Den hæftelsesomfang, der gælder for datterselskabet, bedømmes efter" | Gender: *omfang* is et-word, so *Det hæftelsesomfang*. | Det hæftelsesomfang, der gælder for datterselskabet, afhænger af |
| 53 | P2 | B | columns-da/004-taiwan-company-subsidiary-vs-branch.md | "Vil datterselskabet på børsen, skal det opfylde de fastsatte betingelser" | Missing verb *gå*; reads as “if the subsidiary wants on the stock exchange”. Also in the FAQ answer. | Vil datterselskabet gå på børsen, skal det opfylde de fastsatte betingelser |
| 54 | P2 | A | columns-da/002-withdraw-capital-taiwan-company.md | "Opfylder et offentligt udstedende selskab (公開發行公司) ikke denne tilstedeværelsesbetingelse" | 公開發行公司 is a company that has made a public offering of shares, not a “publicly issuing company”. Also 004. | Opfylder et selskab, der har gennemført et offentligt udbud af aktier (公開發行公司), ikke denne tilstedeværelsesbetingelse |
| 55 | P2 | A | columns-da/006-taiwan-massage-history-law.md | "Til sidst erklærede de store dommere (大法官) bestemmelsen" | "the big judges" is comic; 大法官 are the Grand Justices / Constitutional Court. | Til sidst erklærede forfatningsdomstolen (大法官) bestemmelsen |
| 56 | P2 | A | columns-da/007-taiwan-divorce-lawsuit-qna.md | "nødunderholdet (贍養費) for den ægtefælle uden skyld i artikel 1057" | Danish *nødunderhold* is emergency support; 贍養費 is post-divorce spousal maintenance (the body later says this better). | underhold til ægtefællen efter skilsmissen (贍養費) for den ægtefælle uden skyld efter artikel 1057 |
| 57 | P2 | B | columns-da/008-taiwan-labor-severance-law.md | "er fratrædelsesgodtgørelsen i Taiwan virkelig vanskelig at opnå??" | Double question mark and blog clickbait on a client-facing legal article. Also the H1. | Fratrædelsesgodtgørelse i Taiwan: hvornår den udbetales, og hvornår den ikke gør |
| 58 | P2 | G | columns-da/008-taiwan-labor-severance-law.md | "3. Force majeure kræver en afbrydelse af virksomheden på 1 måned eller længere" | French/English *force majeure* dropped into a Danish statute paraphrase (勞動基準法 art. 11). | 3. En ekstraordinær hændelse (不可抗力) kræver afbrydelse af virksomheden i en måned eller længere |
| 59 | P2 | B | columns-da/009-taiwan-voluntary-resignation-severance.md | "''**tidspunktet**'' meget vigtigt." | Mixed ASCII quotes around a bold word; looks unedited. | **tidspunktet** meget vigtigt. |
| 60 | P2 | C | columns-da/008-taiwan-labor-severance-law.md | "Goddag, jeg er Wei Tseng (曾雋崴), taiwansk advokat." | Sudden informal blog voice after the rest of the Danish site’s stiff "De"-register; 003 Q16–Q20 and 006 have the same first-person shift. | Jeg hedder Wei Tseng (曾雋崴) og er advokat i Taiwan. |
| 61 | P2 | C | columns-da/006-taiwan-massage-history-law.md | "findes der i Taiwan ligeledes talrige massagestræder." | "Stræder" are medieval alleys; 按摩街 is a massage strip / row of shops. | findes der i Taiwan også mange massagestrøg. |
| 62 | P2 | C | columns-da/004-taiwan-company-subsidiary-vs-branch.md | "Før valget fortjener det anbefaling at ordne og sammenligne følgende punkter skriftligt." | German *es verdient Empfehlung*; a native writes "det anbefales". Recurs in §4 and §7. | Før valget anbefales det at ordne og sammenligne følgende punkter skriftligt. |
| 63 | P2 | E | columns-da/003-taiwan-traffic-accident-procedure.md | "Der kan være betinget strafudsættelse (緩刑), således at frihedsberøvelse ikke skal udstås." | Reads as “you avoid prison”; 緩刑 is a possible suspended sentence, not a promise. | I nogle sager kan der idømmes betinget strafudsættelse (緩刑); det er ikke et løfte. |
| 64 | P2 | C | da-guidance.txt | "Hvert link angiver listen sprog, så De på forhånd ved" | Missing genitive -s- (*listens sprog*). | Hvert link angiver listens sprog, så du på forhånd ved, på hvilket sprog indholdet åbnes. |
```
=== end code=0 2026-09-21 16:31:49 ===
