WO-C-G 완료 Mon Sep 21 10:52:35 KST 2026
구현: Cursor Grok 4.6 (003 본인 → 004–018 병렬 하청 후 총괄 재검증)
작업트리: /Users/son7/Projects/tseng-law-columns-e-20260920
git add/commit/push: 하지 않음. 001·002 미수정.

## 파일 수
src/content/columns-ru/*.md = 18
신규 본 워크오더: 003~018 (16편). 001·002는 총괄 기번역.

## §5 출력 그대로

$ ls src/content/columns-ru/*.md | wc -l
      18

$ node scripts/check-column-translation.mjs --dir src/content/columns-ru --lang ru 2>&1 | tail -20
currency       PASS   

PASS  /Users/son7/Projects/tseng-law-columns-e-20260920/src/content/columns-ru/018-taiwan-semiconductor-market-entry.md  lang=ru
check          status  details
-------------- ------  -------
frontmatter    PASS   
headings       PASS   levels=[1,2,2,2,3,3,2,2,2,2,2,3,3,3,2]
images         PASS   count=1
blocks         PASS   blocks=45
links          PASS   hrefs=0
hangul         PASS   
english        PASS   
forbidden      PASS   
hanzi          PASS   han=39
numbers        PASS   sourceCount=25 targetCount=25
nationality    PASS   
langid         PASS   
currency       PASS   

summary  PASS  18/18 files

$ grep -rn "\[변호사 검수 필요\]" src/content/columns-ru | wc -l
       0

$ git status --short | wc -l
      18

합격: summary PASS 18/18 files, 마커 0, 파일 18.
001·002 git diff 공백. 한글 잔존 0(url 제외). Россия/СНГ/ru-consult 금지 토큰 0.

## 용어 판단
문체 기준은 001·002(격식 법률 러시아어, 번체 한자 괄호 병기, TWD 점 천단위, Wei Tseng (曾雋崴) 라틴 고정, 상담언어 암시 없음). 003을 먼저 쓰고 체커 PASS 확인 후 004~018 진행.

- 카테고리: 대만 법인설립 → «Создание компании на Тайване»; 대만 법률정보 → «Правовая информация о Тайване»; 소송사례 분석(010) → «Анализ судебных дел».
- 법률용어: 工作許可·資遣費·勞動契約·有限公司·分公司·子公司·營業稅·告訴乃論之罪·強制汽車責任保險法 등 번체 병기, 키릴 음역 없음. PIF·ARC·PE·TWD·USD 라틴 유지.
- 한국 기업: 004 도입·011 브랜드·017·018 등은 외국 기업으로 일반화(fr·de와 동일). 원문이 한국을 법역·조약·은행·사건 당사자로 지칭하는 곳은 Корея 유지(004 한-대 소득세협정, 005 외환/은행, 006 한국 의료법 비교, 007 초국경 가족, 008·009 «한국과 달리», 010 한국인 대학생 사건). 러시아·CIS 서술 추가 없음.
- 서수: ru 체커에 ordinal 테이블이 없어 제N심/항/자/호는 아라비아 숫자로 보존(1 инстанции, части 1, 3 лиц, № N). 숫자 개수는 원문과 일치. 수사미해석은 WARN이며 FAIL이 아님(002 기번역과 동일 유형).
- 003 Q15 제3자: 누락 숫자 3을 `3 лиц (第三人)`로 보정 후 PASS.
- 상담 잠금: 안내 로케일. «консультация на русском» 등 금지 구문 0. 문의는 /ru/contact 또는 일반 연락. 상세 서비스 경로는 /ko/services/... 유지.

numbers WARN(수사미해석, 파일 통과): 003, 004, 007, 009, 010, 011, 014, 015, 016, 017. 숫자 백 일치는 모두 PASS(누락 0).

## 미해결
- 원어민 검수 아님. 체커 구조·광고·숫자 게이트만 PASS.
- ru ordinal matcher 부재로 제N심/항/자/호 WARN이 남음. 숫자 값은 아라비아로 맞춰 두었고 게이트는 PASS.
- git add/commit/push 하지 않음(지시).
WO-C-G is done. Russian columns **003–018** (16 pieces) are in `src/content/columns-ru/`. **001·002 were not touched.** No git add/commit/push.

**Gate:** `summary PASS 18/18 files`, marker 0, files 18.

§5 (verbatim):

```
      18
summary  PASS  18/18 files
       0
      18
```

003 was written first and checker-passed, then 004–018. Style follows 001·002 (traditional Chinese in parentheses, `Wei Tseng (曾雋崴)`, TWD with dots, no Russian consultation). Korean companies were generalized to foreign firms except where the source itself names Korea (tax treaty, banks, the gym case). Report: `docs/i18n/global-plan/evidence/grok-C-G.log`.

Unresolved: not native-speaker reviewed; ru has no ordinal matcher so 제N심/항/자/호 stay as WARNs with Arabic digits (same type as 002).
=== WO-C-G 종료 code=0 Mon Sep 21 10:53:04 KST 2026 ===
