[WO start 2026-09-22 10:57:18]
The review is in `docs/i18n/global-plan/reviews/native/sr-b.md`. Columns 010–018 are consistent ekavian Serbian, scored **3/5**. Wei Tseng stays feminine. Seven items should be fixed before a client sees them: a criminal complaint called a private prosecution, “cloudy” storage, a horn signal rendered as clogging, severance called a dispatch note, household registration written as the civil registry, an Act called a company statute, and limited-company members called shareholders.

Last 15 lines:

```
| 32 | P2 | A | columns-sr/016-taiwan-inheritance-custody-analysis.md | "to je i uhvatanje dugova i procesnih rizika." | uhvatiti is to catch; English is to identify debts and procedural risks. also 014 „da se uhvati stvarni teret“ | to je i utvrđivanje dugova i procesnih rizika. |
| 33 | P2 | A | columns-sr/015-taiwan-company-setup-pitch-location.md | "Ako se otvori na mestu gde restoran nije moguć" | The subject is missing; English is if a restaurant opens where restaurant use is not permitted. | Ako se restoran otvori na mestu gde to nije dozvoljeno |
| 34 | P2 | A | columns-sr/015-taiwan-company-setup-pitch-location.md | "kasnije pri upisu pravnog lica (公司登記)" | 公司登記 is company registration, not registration of any legal person. also „upis pravnog lica“ in the next section | kasnije pri upisu društva (公司登記) |
| 35 | P2 | C | columns-sr/015-taiwan-company-setup-pitch-location.md | "Svim granama preporučuje se da sistemom" | The business items are made the ones who check; the applicant checks each item. grana also sits next to ogranak. | Za svaku granu delatnosti preporučuje se da se sistemom „prethodne provere mesta delatnosti“ potvrdi da li je delatnost na adresi moguća. |
| 36 | P2 | A | columns-sr/016-taiwan-inheritance-custody-analysis.md | "ako su pogođeni naslednici samo bračni drug i dvoje dece" | pogođeni means hit or affected; English is the only heirs who matter. also the same clause in §1 | ako su jedini naslednici koji dolaze u obzir bračni drug i dvoje dece |
| 37 | P2 | A | columns-sr/016-taiwan-inheritance-custody-analysis.md | "pravni pregled za preostalu porodicu" | preostalu means leftover; English is a guide for the surviving family. | pravni pregled za preživelu porodicu |
| 38 | P2 | C | columns-sr/016-taiwan-inheritance-custody-analysis.md | "Slobodno je koristiti ne može." | The FAQ answer is a calque of „cannot freely use“ with the object in the wrong place. The body sentence „ne može slobodno da koristi“ is already right. | Ne. |
| 39 | P2 | C | columns-sr/016-taiwan-inheritance-custody-analysis.md | "naslednik kasnijeg reda srodničkog naslednog reda" | „reda“ is doubled, so the spouse’s place outside the blood-relative order is hard to parse. | nije srodnik nižeg reda u okviru reda iz člana 1138 |
| 40 | P2 | A | columns-sr/016-taiwan-inheritance-custody-analysis.md | "poklonom i zadovoljenje za povredu (慰撫金)" | 慰撫金 is solatium, the civil-law sum for non-pecuniary harm, not satisfaction of an injury claim. | poklonom i pravično novčano zadovoljenje (慰撫金) |
| 41 | P2 | A | columns-sr/017-taiwan-logistics-business-setup.md | "izabrati primerin investicioni put" | primerin means exemplary; English is the appropriate investment structure. The intended word is primeran. | izabrati primeran investicioni put |
| 42 | P2 | B | columns-sr/017-taiwan-logistics-business-setup.md | "pravno lice i i dalje drži poslovnu dozvolu" | The conjunction is doubled („i i dalje“). also the same stutter in the FAQ | pravno lice i dalje drži poslovnu dozvolu |
| 43 | P2 | A | columns-sr/017-taiwan-logistics-business-setup.md | "kao oblik ugovora o delu (承攬)" | 運送承攬 is freight forwarding; 承攬, a contract for work, is a different contract. The body already says „posredovanje u prevozu“ without this gloss. | špediciju, odnosno posredovanje u prevozu (運送承攬) |
| 44 | P2 | A | columns-sr/018-taiwan-semiconductor-market-entry.md | "Navedeno je predlog ugovornog uređenja." | English is advice on how to design the contracts, not a draft contractual proposal. | Navedeno je savet o tome kako urediti ugovore. |
| 45 | P2 | A | columns-sr/018-taiwan-semiconductor-market-entry.md | "buduća spajanja, preuzimanja ili uvrštenje" | English also names emerging-market registration (興櫃), which is not a stock-exchange listing. | buduća spajanja, preuzimanja, uvrštenje ili upis na vanberzansko tržište (興櫃) |
| 46 | P2 | C | columns-sr/016-taiwan-inheritance-custody-analysis.md | "ne treba kopirati kakav jeste." | „kakav jeste“ calques „as is“. | rezultat prijave jedne zemlje ne treba preneti bez izmene. |
```
=== end code=0 2026-09-22 11:09:34 ===
