[WO start 2026-09-21 16:42:55]
Review written to `docs/i18n/global-plan/reviews/native/es-b.md`. Guidance pack was out of scope (part a). Columns 010–018: **3/5** naturalness, panhispanic legal Spanish with a Spain lean. 42 findings (14 P1, 28 P2). Strongest files: 016–017. Weakest: 013 and 015 (blog voice) and 018 (English company-law labels). Wei Tseng is feminine in 011, 014, 016, 017; masculine generic *un abogado* in 013 and 015.

Last 15 lines of the output file:

```
| 28 | P2 | E | columns-es/013-taiwan-company-establishment-advanced-1.md | "muchas personas han constituido con éxito una sociedad" | Success-story opener; attorney advertising must not read as a results claim. | "muchas personas han constituido una sociedad en Taiwán y han obtenido el visado de trabajo" |
| 29 | P2 | E | columns-es/013-taiwan-company-establishment-advanced-1.md | "pero no es excesivamente estricto." | Reads as an easy-approval assurance. | "el examen no se limita a un único criterio formal; cada solicitud se valora a partir de sus documentos" |
| 30 | P2 | C | columns-es/013-taiwan-company-establishment-advanced-1.md | "Se espera que las preguntas y respuestas siguientes sean de utilidad" | Korean-blog calque plus emoji 😊; a native would not write this on a law-firm page. | "Las preguntas y respuestas siguientes pueden servir de orientación general a quien considera constituir una sociedad en Taiwán." |
| 31 | P2 | G | columns-es/013-taiwan-company-establishment-advanced-1.md | "Ej.) Si el ramo de actividad es la restauración" | English leftover “Ex.)” / Korean blog marker. also later “Ej.)” in 013 | "Por ejemplo, si el ramo de actividad es la restauración" |
| 32 | P2 | B | columns-es/013-taiwan-company-establishment-advanced-1.md | "puede constituirse en un espacio comercial de oficinas. Arrendamiento" | Orphan noun left from English “before signing the lease”. | "puede constituirse en un espacio comercial de oficinas. Antes de firmar el contrato de arrendamiento, confírmelo." |
| 33 | P2 | C | columns-es/014-taiwan-mandatory-employment-period.md | "[Consulta](/es/contact)" | Related-link label says “Consulta” (a meeting the Spanish page does not offer); the site’s nav is “Contacto”. also 016 | "[Contacto](/es/contact)" |
| 34 | P2 | C | columns-es/015-taiwan-company-setup-pitch-location.md | "transcripción de inscripción predial de tipo II" | *Predial* is Mexico/Andes land-tax vocabulary; a Spain reader expects registro de la propiedad. | "certificación registral del inmueble de tipo II (建物登記第二類謄本)" |
| 35 | P2 | C | columns-es/016-taiwan-inheritance-custody-analysis.md | "guía jurídica para la familia que queda" | English is “surviving families”; *familia que queda* is not how a native names them. | "guía jurídica para la familia sobreviviente" |
| 36 | P2 | C | columns-es/016-taiwan-inheritance-custody-analysis.md | "Yuan Judicial de Taiwán: formulario de solicitud" | Unexplained calque of Judicial Yuan; a reader needs the court plus a gloss. also later in 016 | "Yuan Judicial de Taiwán (司法院, órgano judicial central)" |
| 37 | P2 | D | columns-es/017-taiwan-logistics-business-setup.md | "25 millones de dólares de Taiwán (新臺幣2,500萬元, TWD)" | Chinese gloss uses the English thousands comma (2,500) against Spanish 2.500 / 25 millones. also “1,000萬元” | Keep “25 millones” and write the Chinese gloss as 2.500萬 or drop the mixed numeral. |
| 38 | P2 | C | columns-es/017-taiwan-logistics-business-setup.md | "En caso de subencomienda" | Calque of “sub-entrustment”; Spanish logistics says subcontratación. also “empresarios de subencomienda” | "En caso de subcontratación" |
| 39 | P2 | G | columns-es/018-taiwan-semiconductor-market-entry.md | "autorización de inversión a la Investment Commission del Ministerio de Economía" | English body name; 011/013/017 already say Departamento de Revisión de Inversiones. also “Department of Commerce”; “CPA”; “supervisor” | "autorización de inversión al Departamento de Revisión de Inversiones del Ministerio de Economía (經濟部投資審議司)" |
| 40 | P2 | A | columns-es/018-taiwan-semiconductor-market-entry.md | "según las indicaciones del responsable" | English is “the responsible attorney’s instructions”; the lawyer is dropped. | "según las indicaciones de la abogada responsable" |
| 41 | P2 | B | columns-es/018-taiwan-semiconductor-market-entry.md | "## 5. El registro societario y el trabajo lícito" | Section 6 is missing (English source also jumps 5 → 7); a reader thinks a block was omitted. | Renumber as 5, 6, 7 or restore the missing heading. |
| 42 | P2 | E | columns-es/018-taiwan-semiconductor-market-entry.md | "Es relativamente más fácil obtener el permiso de trabajo para un gerente" | Reads as an easier-approval assurance on a client page. | "Para el gerente de la filial o sucursal taiwanesa de una sociedad extranjera, el permiso de trabajo sigue otro cauce; no es una promesa de concesión." |
```
=== end code=0 2026-09-21 16:49:14 ===
