[WO start 2026-09-21 16:34:54]
Review of columns 010–018 is in `docs/i18n/global-plan/reviews/native/nb-b.md` (48 findings: 14 P1, 34 P2).

**Verdict:** 2/5 for the columns. 012 is the one a native could almost publish. 014 and 017 are the weakest: Danish mixed into the Bokmål surface, plus labour-law terms that would mislead a Norwegian lawyer (*tegningspremie*, *erstatningsmulighet*). No masculine form for Wei Tseng.

Last 15 lines of the output file:

```
| 34 | P2 | C | columns-nb/014-taiwan-mandatory-employment-period.md | "erstatter vanskelig meldingen på kontraktens tidspunkt." | German *schwerlich ersetzen* word order; EN "cannot readily substitute". | kan neppe erstatte den opplysningen som skulle ha vært gitt da avtalen ble inngått. |
| 35 | P2 | B | columns-nb/014-taiwan-mandatory-employment-period.md | "en alminnelig tilpasningsdel og en spesialisert teknisk del være blannet, så emne, tid, kostnad" | Typo *blannet* (blandet); the next clause then uses Danish relative *der*. | en alminnelig tilpasningsdel og en spesialisert teknisk del være blandet, så emne, tid, kostnad |
| 36 | P2 | A | columns-nb/016-taiwan-inheritance-custody-analysis.md | "når én av foreldrene ikke kan utøve rettigheter og plikter overfor det mindreårige barn" | *Overfor* reads “against the child”; EN is “concerning”. Same 行使或負擔 calque as part a. Also FAQ and §5. | når den ene av foreldrene ikke kan utøve foreldreansvaret (親權) for det mindreårige barnet |
| 37 | P2 | A | columns-nb/016-taiwan-inheritance-custody-analysis.md | "inntredelsesarv (代位繼承) eller en annen omstendighet, der endrer konklusjonen" | *Inntredelsesarv* is a coinage; Norwegian succession says *representasjon* / stedfortredende arv. Also "inntrelsesforholdet" (typo) in §4. | stedfortredende arv (代位繼承) eller en annen omstendighet som endrer konklusjonen |
| 38 | P2 | C | columns-nb/016-taiwan-inheritance-custody-analysis.md | "descendenterne i ret linje (直系血親卑親屬) er rang 1 i den lovbestemte arvefølge" | *Rang 1* is a table rank; Norwegian succession says *første arveklasse*. *Descendenterne* is Danish -erne. | livsarvinger i rett nedstigende linje (直系血親卑親屬) tilhører første arveklasse |
| 39 | P2 | C | columns-nb/016-taiwan-inheritance-custody-analysis.md | "den er også fatningen av gjelden og av prosedyrerisikoerene." | *Fatning* is “grasp”; a succession article should *klarlegge*. Also invented *prosedyrerisikoerene*. | den er også å klarlegge gjeld og risiko i prosedyrene. |
| 40 | P2 | A | columns-nb/017-taiwan-logistics-business-setup.md | "Dog følger ikke hver utenlandsk investering samme skranke og samme prosedyre." | *Skranke* is a counter or barrier; EN is “filing route”. Also "forskjellige skranker" and "investeringsvej" (Danish *vej*) in the next sentence. | Ikke all utenlandsk investering følger samme søknadsvei og samme prosedyre. |
| 41 | P2 | C | columns-nb/017-taiwan-logistics-business-setup.md | "Den sentrale kompetente myndighet ifølge artikkel 3 i veiloven er ministeriet for trafikk (交通部)." | *Trafikk* is road traffic; 交通部 is MOTC / samferdsel. Throughout 017. | Den sentrale kompetente myndigheten etter artikkel 3 i veiloven er samferdselsdepartementet (交通部). |
| 42 | P2 | G | columns-nb/017-taiwan-logistics-business-setup.md | "Kinmen (金門) og Lienchiang eller Matsu (連江・馬祖)" | Japanese nakaguro `・` inside a Norwegian parenthesis. | Kinmen (金門) og Lienchiang eller Matsu (連江、馬祖) |
| 43 | P2 | C | columns-nb/018-taiwan-semiconductor-market-entry.md | "og deretter velge den mest passende enheten." | EN FAQ is “the most suitable entity”; *mest passende* adds a “best” flavour the source’s anti-guarantee close tried to avoid. | og deretter velge den enheten som passer til de faktiske forholdene. |
| 44 | P2 | C | columns-nb/018-taiwan-semiconductor-market-entry.md | "Det foregående er et forslag til kontraktutforming." | Contract-drafting leftover sitting under company-formation procedure (same stray line as EN, still nonsense in Norwegian). | (Slett setningen, eller flytt den til en kontraktsdel.) Avsnittet over beskriver bare fremgangsmåten, ikke hvordan en kontrakt skal utformes. |
| 45 | P2 | C | columns-nb/018-taiwan-semiconductor-market-entry.md | "Deltakere som ikke utfører handelen, kan utøve tilsynsrettigheter" | *Utføre handelen* is not how Norwegian company law describes non-executive shareholders. EN “who do not execute business”. | Deltakere som ikke driver den daglige virksomheten, kan utøve tilsynsrett |
| 46 | P2 | B | columns-nb/018-taiwan-semiconductor-market-entry.md | "Til den første samtalen rekker et driftsoversikt" | Gender: *oversikt* takes *en*, not *et*. | Til den første samtalen rekker en driftsoversikt |
| 47 | P2 | C | columns-nb/018-taiwan-semiconductor-market-entry.md | "å holde et lager til hasteutskifting" | Jammed calque of emergency spare-parts stock. | å holde et reservedelslager i Taiwan for akutte behov |
| 48 | P2 | C | columns-nb/016-taiwan-inheritance-custody-analysis.md | "Man må ikke mene, at frafallet i den lovbestemte form oppstår alene fordi man i familien siger" | Danish *siger* (Norwegian *sier*) in a client-facing succession article. Folded into the Danish sweep, but this sentence is the one a native will quote. | Man skal ikke tro at arven er falt fra i lovbestemt form bare fordi man i familien sier |
```
=== end code=0 2026-09-21 16:41:29 ===
