[WO start 2026-09-21 16:19:02]
Review is in `docs/i18n/global-plan/reviews/native/sv-b.md` (columns 010–018 only; no source files touched). Naturalness **2/5** for the columns. Ten P1 rows, mainly in 014 and 018 (`facklig` read as union training, `kontraktssumma` as contract value, `revisor` used for both 監察人 and 會計師). **012** is the one file that is close to publishable. Wei Tseng is correctly *jag* / ungendered *advokat*.

Last 15 lines of the output file:

```
| 34 | P2 | A | columns-sv/011-taiwan-cosmetics-market-entry-company-setup-pif-registration-legal-sales-guide.md | "på TFDA:s plattform för registrering av kosmetikaprodukter (衛生福利部食品藥物管理署)" | The Chinese gloss is the agency TFDA, not the platform. | på TFDA:s (衛生福利部食品藥物管理署) plattform för registrering av kosmetikaprodukter |
| 35 | P2 | C | columns-sv/011-taiwan-cosmetics-market-entry-company-setup-pif-registration-legal-sales-guide.md | "Den administrativa bötesavgiften är 40.000 till 200.000 taiwanesiska dollar" | *Bötesavgift* is a calque of 罰鍰 / *Geldbuße*; Swedish administrative law says *sanktionsavgift*. Also 015/017 "administrativ böter". | Sanktionsavgiften är 40 000 till 200 000 taiwanesiska dollar (新臺幣, TWD) |
| 36 | P2 | B | columns-sv/011-taiwan-cosmetics-market-entry-company-setup-pif-registration-legal-sales-guide.md | "som fastställs i artikel 7, 1 stycket, nummer 7, i lagen om hygien och säkerhet för kosmetika" | German citation style; Swedish cites *artikel 7 första stycket 7*. | som fastställs i artikel 7 första stycket 7 i lagen om hygien och säkerhet för kosmetika |
| 37 | P2 | A | columns-sv/016-taiwan-inheritance-custody-analysis.md | "när den ena föräldern inte kan utöva rättigheter och skyldigheter mot det omyndiga barnet" | *Mot* reads "against the child"; EN is "concerning". Same 行使或負擔 calque as part a. Also FAQ and §5. | när den ena föräldern inte kan utöva föräldraansvaret (親權) för det omyndiga barnet |
| 38 | P2 | A | columns-sv/016-taiwan-inheritance-custody-analysis.md | "representationsarv (代位繼承)" | *Representationsarv* is not a Swedish term; the institute is *istadarätt*. | istadarätt (代位繼承) |
| 39 | P2 | C | columns-sv/016-taiwan-inheritance-custody-analysis.md | "bröstarvingar i rakt nedstigande led (直系血親卑親屬) är rang 1 i lagstadgat arv" | *Rang 1* is a table rank; Swedish succession says *första arvsklassen*. | bröstarvingar i rakt nedstigande led (直系血親卑親屬) tillhör första arvsklassen |
| 40 | P2 | C | columns-sv/016-taiwan-inheritance-custody-analysis.md | "det är också att greppa skulder och förfaranderisker." | *Greppa* is slangy for 掌握; a succession article should *klarlägga*. | det är också att klarlägga skulder och förfaranderisker. |
| 41 | P2 | C | columns-sv/018-taiwan-semiconductor-market-entry.md | "Begäran om att behandla offerter och avtal i Taiwan, begäran om nödreservlager" | *Nödreservlager* is a jammed calque of emergency spare-parts stock. | begäran om att hålla ett reservdelslager i Taiwan för akuta behov |
| 42 | P2 | C | columns-sv/018-taiwan-semiconductor-market-entry.md | "därefter ska den mest lämpliga enheten väljas." | EN is "the entity that fits those facts"; *mest lämpliga* adds a "best" flavour the source avoided. | därefter ska den enhet som passar de faktiska förhållandena väljas. |
| 43 | P2 | C | columns-sv/018-taiwan-semiconductor-market-entry.md | "Ovanstående är ett förslag till avtalsutformning." | Contract-drafting leftover sitting under company-formation procedure (same stray line as EN, still nonsense in Swedish). | (Delete the sentence, or move it to a contracts section.) Ovanstående beskriver bara förfarandet, inte hur ett avtal ska utformas. |
| 44 | P2 | C | columns-sv/018-taiwan-semiconductor-market-entry.md | "Delägare som inte utför näringen kan utöva tillsynsrätt" | *Utföra näringen* is not how Swedish company law describes non-executive shareholders. | Delägare som inte sköter den löpande förvaltningen kan utöva tillsynsrätt |
| 45 | P2 | G | columns-sv/017-taiwan-logistics-business-setup.md | "Kinmen (金門) och Lienchiang eller Matsu (連江・馬祖)" | Japanese nakaguro `・` inside a Swedish parenthesis. | Kinmen (金門) och Lienchiang eller Matsu (連江、馬祖) |
| 46 | P2 | C | columns-sv/013-taiwan-company-establishment-advanced-1.md | "men prövningen är inte överdrivet sträng." | Blog reassurance about MOEA review; a Swedish client page would not grade the authority as "not too strict". | men prövningen tar sikte på om planen är verklig, inte på att utbildningen ska matcha branschen exakt. |
| 47 | P2 | C | columns-sv/010-taiwan-gym-injury-lawsuit.md | "Distriktsdomstolen i Taichung förordnade den 24 januari 2022" | *Förordnade* is an appointment/injunction verb; a damages judgment *förpliktade* or *ålade*. EN "ordered the defendant to pay". | Distriktsdomstolen i Taichung förpliktade den 24 januari 2022 svaranden att betala |
| 48 | P2 | B | columns-sv/014-taiwan-mandatory-employment-period.md | "ska syftet tydligt underrättas arbetstagaren." | Dative calque; Swedish *underrätta någon om något*. | ska arbetstagaren tydligt underrättas om syftet. |
```
=== end code=0 2026-09-21 16:25:50 ===
