[WO start 2026-09-22 11:07:08]
The Catalan review of columns 010–018 is in `docs/i18n/global-plan/reviews/native/ca-b.md`. Naturalness is 3/5: the longer articles are usable legal Catalan, with five items that should be fixed before a client sees them (the work-permit sentence in 018, “finestreta” in 017, “Estatut” for the foreign-investment act, and the Spanish “coherederos” and “acus” in 016). Wei Tseng stays feminine, and the consultation refusals stay negative.

```
| 34 | P2 | B | columns-ca/013-taiwan-company-establishment-advanced-1.md | "cercar el local de negoci des de d’hora" | "des de d’hora" doubles the preposition. | "cercar el local de negoci ben d’hora" |
| 35 | P2 | B | columns-ca/013-taiwan-company-establishment-advanced-1.md | "el ’**formulari de dades bàsiques del número unificat**(統一證號基本資料表)’" | The opening mark is a closing apostrophe, bold splits the name, and the gloss sits inside the closing quote. | "el «formulari de dades bàsiques del número unificat» (統一證號基本資料表)" |
| 36 | P2 | C | columns-ca/013-taiwan-company-establishment-advanced-1.md | "pot proposar la notarització del contracte d’arrendament" | 公證 of a lease, for a Catalan reader, is execution as a public deed. | "pot proposar d’atorgar el contracte d’arrendament en escriptura pública (公證)" |
| 37 | P2 | C | columns-ca/013-taiwan-company-establishment-advanced-1.md | "i han obtingut el visat de treball i el certificat de residència," | The article is cut one clause per line, with the sentence continuing after a blank line. also 015 from "A més de considerar la situació del mercat," | Join the clause to the next line: "…i han obtingut el visat de treball i el certificat de residència, i tot seguit es recullen les preguntes…" |
| 38 | P2 | A | columns-ca/012-taiwan-overtaking-accident-liability.md | "el vehicle núm. 1, el més avançat, es movia a poc a poc" | In an overtaking article "el més avançat" is the vehicle that has passed the others. English is the first car, the one furthest ahead. | "el vehicle núm. 1, el que anava més al davant, es movia a poc a poc" |
| 39 | P2 | G | columns-ca/012-taiwan-overtaking-accident-liability.md | "2 tocs curts de clàxon o 1 destell dels fars davanters" | "Destell" is Spanish "destello". | "2 tocs curts de clàxon o 1 senyal lluminós dels fars davanters" |
| 40 | P2 | A | columns-ca/011-taiwan-cosmetics-market-entry-company-setup-pif-registration-legal-sales-guide.md | "TFDA — zona especial de registre de productes cosmètics" | English "Resources" became a special zone, which reads as a territorial regime. also the PIF "zona especial" | "TFDA — recursos de registre de productes cosmètics" |
| 41 | P2 | C | columns-ca/011-taiwan-cosmetics-market-entry-company-setup-pif-registration-legal-sales-guide.md | "El precepte que fixa el període i el que fixa el lloc s’han d’operar per separat." | "Operar un precepte" is an English "operate" calque. also checklist item 6 "Operar el procediment" | "El precepte que fixa el període i el que fixa el lloc s’han d’aplicar per separat." |
| 42 | P2 | C | columns-ca/010-taiwan-gym-injury-lawsuit.md | "Un estudiant universitari home, ruptura de disc intervertebral" | "Home" stuck after the noun calques "male student". The masculine "estudiant" already marks sex; the headline is repeated on the other clippings. | "Un estudiant universitari, ruptura de disc intervertebral (椎間盤破裂) després d’un pes mort de 90 kg…" |
| 43 | P2 | C | columns-ca/010-taiwan-gym-injury-lawsuit.md | "si per culpa, fins a 1 vegada l’import del dany real" | English is "up to the amount of the actual damages", not a counted "one time". | "i si per culpa, fins a l’import del dany real" |
| 44 | P2 | B | columns-ca/010-taiwan-gym-injury-lawsuit.md | "es poden discutir si hi ha indemnització i l’import?" | A "si" clause cannot be the plural object of "discutir". English is whether compensation and the amount can still be disputed. | "es pot discutir encara si hi ha indemnització i quin n’és l’import?" |
| 45 | P2 | C | columns-ca/010-taiwan-gym-injury-lawsuit.md | "i les dades que avalen el dany" | "Avalar" is to guarantee a debt. The materials support the claimed loss. | "i les dades que acrediten el dany reclamat" |
| 46 | P2 | A | columns-ca/010-taiwan-gym-injury-lawsuit.md | "i els interessos consignats en la sentència" | "Consignar" is to deposit funds. English is the interest stated in the judgment. | "i els interessos que fixa la sentència" |
| 47 | P2 | C | columns-ca/010-taiwan-gym-injury-lawsuit.md | "recollir orientació individual sobre els terminis" | "Recollir orientació" and "de forma primerenca" earlier in the article are calques of "seek advice" and "at an early stage". | "demanar com més aviat millor orientació individual sobre els terminis i procediments que es puguin aplicar a l’assumpte" |
| 48 | P2 | D | columns-ca/017-taiwan-logistics-business-setup.md | "un capital mínim de TWD 25.000.000 (新臺幣2.500萬元)" | The thousand dot is right for Catalonia; the currency code is prefixed in the English way. also 010, 011 and 018. Keep the amounts. | "un capital mínim de 25.000.000 TWD (新臺幣2.500萬元)" |
```
=== end code=0 2026-09-22 11:16:56 ===
