[WO start 2026-09-22 10:12:34]
The Bulgarian review is in `docs/i18n/global-plan/reviews/native/bg-a.md`. The guidance pack reads as professional Bulgarian (4/5). Columns 001, 002, 004 and 007 are close to that; 003 from Q16 onward, plus 006, 008 and 009, still read as a chopped personal blog (3/5 overall).

Wei Tseng is consistently "адвокатка". The no-consultation, no-interpreter and no-guarantee lines stay negative. Six items should be fixed before a client sees them, including "самоволно напускане" for voluntary resignation and "записа целия ход на мобилния телефон" for a recording of the meeting.

```
| 31 | P2 | C | columns-bg/002-withdraw-capital-taiwan-company.md | Външно във всеки случай пари могат да напуснат сметката на дружеството | "Външно" calques "äußerlich / on the surface" | На пръв поглед във всички тези случаи от сметката на дружеството излизат пари |
| 32 | P2 | C | columns-bg/002-withdraw-capital-taiwan-company.md | данъчните декларации не отпадат еднообразно | "еднообразно" calques "einheitlich"; also the FAQ answer in the same file | данъчните декларации не отпадат във всички случаи |
| 33 | P2 | A | columns-bg/008-taiwan-labor-severance-law.md | член 12 от Наредбата за пенсията на работниците (勞工退休金條例) | 條例 is a statute; Bulgarian "наредба" is an executive regulation. The Labor Standards Act beside it is correctly "Закон" | член 12 от Закона за пенсията на работниците (勞工退休金條例) |
| 34 | P2 | A | columns-bg/003-taiwan-traffic-accident-procedure.md | плащанията при ограничение на трудоспособността (失能) | 失能 is disability, not a mild "limitation of working capacity" | плащанията при трайна неработоспособност (失能) |
| 35 | P2 | G | columns-bg/003-taiwan-traffic-accident-procedure.md | Q16. Може ли след произшествието всичко да се повери на застрахователя? | English "Q1–Q20" headings; 005 uses "A." / "B." The title of 003 is already Bulgarian | 16. Може ли след произшествието всичко да се повери на застрахователя? |
| 36 | P2 | C | columns-bg/003-taiwan-traffic-accident-procedure.md | От практиката си съм забелязала, че застрахователите често не отделят | Q1–Q15 are formal; Q16–Q20 switch to a first-person blog with one sentence per paragraph. Feminine is correct | От практиката на кантората: застрахователите често не отделят достатъчно внимание |
| 37 | P2 | B | columns-bg/005-taiwan-company-establishment-advanced-2.md | могат да разгледат и Учредяване на дружество в Тайван — задълбочена част 2 | Bare title with no quotation marks after "разгледат и" | могат да разгледат и статията „Учредяване на дружество в Тайван — задълбочена част 2“ |
| 38 | P2 | D | columns-bg/005-taiwan-company-establishment-advanced-2.md | По правило банките в Корея изискват инвеститорът **лично** да се яви | The heading calls this an example, but the answer still instructs the reader to appear at a bank in Korea | В примера с Корея банките изискват лична явка; инвеститор от България проверява своята банка и валутните правила |
| 39 | P2 | C | columns-bg/006-taiwan-massage-history-law.md | (Не съм ли издала с това възрастта си?) | Aside to the author's age, then "Както и да е", on a client-facing legal page. Feminine is correct | Ако става дума за масаж (按摩), в Тайван има и немалко улици с масажни салони. |
| 40 | P2 | D | columns-bg/006-taiwan-massage-history-law.md | по Закона на Корея за медицинските услуги (醫療法) може да бъде наложено лишаване от свобода | After the Taiwan holding, the next block is Korean licensing and prison terms a reader in Bulgaria cannot use | В някои държави, включително в Корея, масажът дълго е бил запазен за лица с увреждане на зрението. |
| 41 | P2 | C | columns-bg/008-taiwan-labor-severance-law.md | Много от Вас вече знаят това. | Assumes a returning blog audience. The next line then explains Korea as if the reader already lives that comparison | Мнозина сравняват това с правото на своята държава. |
| 42 | P2 | B | columns-bg/008-taiwan-labor-severance-law.md | дали му лист A4 | Plural "дали" / "указали" after a singular "ръководител"; EN "handed him" / "ordered him" | даде му лист A4 и му указа да напише |
| 43 | P2 | C | columns-bg/008-taiwan-labor-severance-law.md | Обичайните си записи за явяване на работа, | Hanging noun phrase; EN is an imperative "Keep your regular attendance records." Also the lines under it | Пазете обичайните си записи за явяване на работа, |
| 44 | P2 | A | columns-bg/009-taiwan-voluntary-resignation-severance.md | правилата за работа (工作規則) | Same term is "вътрешния трудов правилник (工作規則)" in 008 and in the guidance pack | вътрешния трудов правилник (工作規則) |
| 45 | P2 | C | columns-bg/009-taiwan-voluntary-resignation-severance.md | Както вече съм казвала, в Тайван за работника не е лесно | Opens as a sequel to a personal series. Feminine is correct; the Bulgarian page needs a cross-reference, not a memory | Както е обяснено в статията за обезщетението при освобождаване, в Тайван за работника не е лесно |
```
=== end code=0 2026-09-22 10:27:40 ===
