[WO start 2026-09-21 16:36:31]
Native Spanish review is in `docs/i18n/global-plan/reviews/native/es-a.md` (guidance pack + columns 001–009). No source files were edited.

**Verdict:** 3/5 guidance, 3/5 columns. Panhispanic legal Spanish with a Spain lean. Wei Tseng is feminine throughout (`abogada`, `Abogada directora`, `habilitada`). Columns 001, 002, 004 and 007 are usable legal Spanish (`oficina del registro civil`, `régimen de visitas`, `sociedad de oferta pública`). 003 Q16–Q20, 005, 006, 008 and 009 keep a Korean-blog register.

**51 findings** (18 P1, 33 P2): English leftovers (`OUR TEAM`, `OFFICES`, Hangul slugs), Korea left as the default reader, advertising claims in 003/008 (`máxima indemnización posible`, typical 3-month sentence, high-severance success story), and `detención` for 拘役.

Last 15 lines of the output file:

```
| 37 | P2 | D | columns-es/003-taiwan-traffic-accident-procedure.md | "modificado el 2026-05-29 se aplica a los accidentes ocurridos a partir del 2026-07-01" | ISO dates in running Spanish. | "modificado el 29 de mayo de 2026 se aplica a los accidentes ocurridos a partir del 1 de julio de 2026" |
| 38 | P2 | D | columns-es/003-taiwan-traffic-accident-procedure.md | "Si tiene otras preguntas, déjelas en los comentarios." | Blog CTA; this site has no comments. | "Para otras preguntas, utilice la página Contacto; no se promete un plazo de respuesta." |
| 39 | P2 | D | columns-es/003-taiwan-traffic-accident-procedure.md | "Sentencia del Tribunal Superior de Taiwán, año 109, asunto 上易字 n.º 644" | ROC year 109 unexplained; a Spanish reader will not map it to 2020. also 007 “año 112” | "Sentencia del Tribunal Superior de Taiwán (臺灣高等法院), año 109 (2020), 上易字 n.º 644" |
| 40 | P2 | D | columns-es/005-taiwan-company-establishment-advanced-2.md | "puede ponerse en contacto con nosotros en cualquier momento." | Reads as always-on availability; no reply-time promise should stay implicit either. | "puede escribir a través de la página Contacto; no se promete un plazo de respuesta." |
| 41 | P2 | C | columns-es/005-taiwan-company-establishment-advanced-2.md | "Las preguntas y respuestas siguientes también esperan ser de utilidad" | “Esperan ser de utilidad” is a Korean-blog calque; a native would not write this. | "Las preguntas y respuestas siguientes pueden servir de orientación general a quien considera constituir una sociedad en Taiwán." |
| 42 | P2 | A | columns-es/006-taiwan-massage-history-law.md | "los Grandes Jueces (大法官) declararon inconstitucional" | Calque of Grand Justices; a Spanish reader needs the court. | "el Tribunal Constitucional (大法官) declaró inconstitucional" |
| 43 | P2 | C | columns-es/006-taiwan-massage-history-law.md | "¿Ha llegado a conocer la época de las barberías tradicionales" | Empty “has one come to know”; the rest of the site is formal, this is blog *tú*-adjacent *usted*. | "¿Recuerda la época de las barberías tradicionales (理髮廳) de Taiwán?" |
| 44 | P2 | C | columns-es/007-taiwan-divorce-lawsuit-qna.md | "No siempre." | Section 3 opens with the bare FAQ answer; same pattern: §6 “No.” / §7 “No son el mismo derecho.” | Make the heading the question, or open with a self-standing sentence: "Los cónyuges no tienen que comparecer siempre juntos." |
| 45 | P2 | C | columns-es/007-taiwan-divorce-lawsuit-qna.md | "[Consulta](/es/contact)" | Related-link label says “Consulta” (a meeting the Spanish page does not offer); the site’s nav is “Contacto”. | "[Contacto](/es/contact)" |
| 46 | P2 | C | columns-es/008-taiwan-labor-severance-law.md | "Hola, soy Wei Tseng (曾雋崴), abogada de Taiwán." | Blog greeting clashes with the rest of the site’s formal register. | "Wei Tseng (曾雋崴), abogada de Taiwán." |
| 47 | P2 | A | columns-es/008-taiwan-labor-severance-law.md | "Reglamento de la pensión laboral (勞工退休金條例)" | 條例 is an act, not a *reglamento* (regulation). also 008 FAQ | "Ley de la pensión laboral (勞工退休金條例)" |
| 48 | P2 | B | columns-es/008-taiwan-labor-severance-law.md | "Hay  (artículo 11 de la Ley de Normas Laborales de Taiwán)" | Table cell truncated: “Hay” with no object, while the third column says “No hay”. | "Sí (artículo 11 de la Ley de Normas Laborales de Taiwán)" / "No" |
| 49 | P2 | E | columns-es/008-taiwan-labor-severance-law.md | "y la empresa debe pagarla, como es natural." | *Como es natural* reads as a guaranteed payout on a client page. | "Cuando se reúnen los requisitos legales, la indemnización por despido (資遣費) es un derecho que la ley reconoce." |
| 50 | P2 | C | columns-es/009-taiwan-voluntary-resignation-severance.md | "Como indiqué antes, en Taiwán no es fácil" | “Antes” points at a previous Korean-series post, not this page. | "En Taiwán no es fácil, por regla general, obtener la indemnización por despido." |
| 51 | P2 | B | columns-es/009-taiwan-voluntary-resignation-severance.md | "el ''**tiempo**'' es muy importante." | Broken nested quotes around a bolded word. | "el tiempo es muy importante." |
```
=== end code=0 2026-09-21 16:42:15 ===
