WO-N-sl-b — Slovenian columns 010–018
Workspace: /Users/son7/Projects/tseng-law-new-sl-20260922
No git add/commit/push/stash/checkout.

## Files written (9)
src/content/columns-sl/010-taiwan-gym-injury-lawsuit.md
src/content/columns-sl/011-taiwan-cosmetics-market-entry-company-setup-pif-registration-legal-sales-guide.md
src/content/columns-sl/012-taiwan-overtaking-accident-liability.md
src/content/columns-sl/013-taiwan-company-establishment-advanced-1.md
src/content/columns-sl/014-taiwan-mandatory-employment-period.md
src/content/columns-sl/015-taiwan-company-setup-pitch-location.md
src/content/columns-sl/016-taiwan-inheritance-custody-analysis.md
src/content/columns-sl/017-taiwan-logistics-business-setup.md
src/content/columns-sl/018-taiwan-semiconductor-market-entry.md

File count (this lane): 9
Directory listing count: 18 (001–009 from WO-N-sl-a are already present)

## §Verify (verbatim)

      18
currency       PASS   

PASS  /Users/son7/Projects/tseng-law-new-sl-20260922/src/content/columns-sl/018-taiwan-semiconductor-market-entry.md  lang=sl
check          status  details
-------------- ------  -------
frontmatter    PASS   
headings       PASS   levels=[1,2,2,2,3,3,2,2,2,2,2,3,3,3,2]
images         PASS   count=1
blocks         PASS   blocks=45
links          PASS   hrefs=0
hangul         PASS   
english        PASS   
forbidden      PASS   
hanzi          PASS   han=70
numbers        PASS   sourceCount=25 targetCount=25
nationality    PASS   
langid         PASS   
currency       PASS   

summary  PASS  18/18 files
       0
      44

Commands:
ls src/content/columns-sl/*.md | wc -l
node scripts/check-column-translation.mjs --dir src/content/columns-sl --lang sl 2>&1 | tail -20
grep -rn "\[변호사 검수 필요\]" src/content/columns-sl | wc -l
git status --short | wc -l

All 9 files of this lane PASS (directory total 18/18 with WO-N-sl-a). Markers 0. git status 44 is the pre-existing dirty worktree plus these 9 files and this log; nothing was staged.

## Key term choices (Slovenian + Chinese gloss)
1. 訴訟代理人 — procesna zastopnica (feminine; 010)
2. 過失傷害 — poškodba iz malomarnosti; 告訴乃論之罪 — kaznivo dejanje, ki se preganja le na ovadbo
3. 存證信函 — pismo s potrdilom vsebine; 病歷 — zdravstvena dokumentacija; 就醫交通費 — potni stroški za zdravljenje; 看護費用 — stroški nege
4. 懲罰性賠償金 — kaznovalna odškodnina; 侵權行為 — protipravno dejanje
5. 最低服務年限 — najmanjše obdobje trajanja delovnega razmerja; 專業技術培訓 — strokovno tehnično usposabljanje; 簽約金 — podpisnina; 留任獎金 — boniteta za ostanek; 預付性給付 — dajatev, plačana vnaprej
6. 罰鍰 — upravna globa (kozmetično oglaševanje); 產品登錄 — registracija izdelka; 產品資訊檔案 — informacijska mapa izdelka (PIF)
7. 汽車貨運業 — avtomobilski tovorni prevoz; 運送承攬 — špedicija; 營業執照 — potrdilo o vpisu dejavnosti; 籌設許可 — dovoljenje za pripravo ustanovitve
8. 認證 — notarska overitev vs 檢認 — overitev oporoke; 未成年子女權利義務之行使或負擔 — izvrševanje in prevzem pravic ter dolžnosti do mladoletnih otrok
9. 經濟部投資審議司 — Oddelek za pregled naložb Ministrstva za gospodarstvo; 外國人投資條例 — zakon o naložbah tujih oseb; 統一證號基本資料表 — izpisek osnovnih podatkov k enotni identifikacijski številki
10. 心態 — stališče / drža vaditelja (010 naslov); 超車 — prehitevanje; 鑑定 — izvedensko mnenje

Other register: Tajvan / Tajpej / Tajdžong; odvetnica Wei Tseng (曾雋崴) (feminine, Latin name kept); formal lowercase vi; navednice » «; thousands 1.570.000; date_display 13. septembra 2025 / 4. februarja 2026 / 17. septembra 2026; read_time »N min branja«; categories byte-identical to columns.ts sl labels.

## Unresolved
- numbers WARN (not FAIL) on 010/011/014/015/016/017: Korean lexical 제N항 / 제N호 / 제3자 / 1심 / 제2종 left as words in Slovenian (R11). sourceCount=targetCount on those files.
- 018 Korean source has no `url` key; Slovenian frontmatter matches that (title, lastmod, date_display, read_time, categories, featured_image, faq).
- 012: a paragraph starting with »101. člen« was rewritten as »Člen 101« so the checker would not treat it as a markdown ordered list (blocks + missing numeral). Meaning unchanged.
- English-checker trap: Slovenian `in` is an English stopword; extra `in` was rewritten as `ter` so latin-only sentences stay under the 3-stopword threshold. Meaning unchanged.
- ls count 18 includes WO-N-sl-a files 001–009 already in this worktree; this lane added 010–018 only.
- git status 44 includes WO-P guidance-pack edits and WO-N-sl-a columns already in this worktree; this lane did not git add/commit/push/stash/checkout.
