[WO start 2026-09-21 16:27:55]
Written to `docs/i18n/global-plan/reviews/native/nb-a.md`. Guidance pack **3/5**, columns **2/5**. 65 findings (19 P1, 46 P2). Wei Tseng is correctly **hun**; no masculine form. Consultation lock is intact except the inquiry notice, which drops **bare**.

The pack is stiff German-pivoted Bokmål with capital **De**. Columns 004–007 leak Danish (`Hvornår`, `at` + infinitive, `retsstilling`). Korea is still the default reader in the tax and labour pieces, and 003/008 contain forbidden “highest/high result” wording.

Last 15 lines of the file:

```
| 51 | P2 | E | columns-nb/003-taiwan-traffic-accident-procedure.md | "idømmer retterne for tiden omkring 3 måneders frihetsstraff." | Typical-sentence lengths read as an outcome prediction; *retterne* is also Danish for "the courts". | Straffen ved uaktsom legemsbeskadigelse varierer med omstendighetene; i publisert praksis forekommer blant annet kortere fengselsstraff. |
| 52 | P2 | D | columns-nb/003-taiwan-traffic-accident-procedure.md | "Den 2026-05-29 endrede Ytelsesnorm (強制汽車責任保險給付標準) gjelder for ulykker fra 2026-07-01." | ISO date after Norwegian "Den" is ungrammatical; Norway writes "29. mai 2026". | Den endrede ytelsesnormen av 29. mai 2026 gjelder for ulykker fra og med 1. juli 2026. |
| 53 | P2 | D | columns-nb/003-taiwan-traffic-accident-procedure.md | "Hvis De har andre spørsmål, så legg igjen en kommentar." | Blog-comment CTA; this site has no comment thread. | Har du flere spørsmål, bruk [Kontakt](/nb/contact). |
| 54 | P2 | C | columns-nb/003-taiwan-traffic-accident-procedure.md | "passasjerer eller av en 3. person (第三人) utenfor kjøretøyet" | Digit ordinal "3. person" is memo style; Norwegian legal prose writes "tredjemann". Also 004 "en 3. (第三人)". | passasjerer eller tredjemann (第三人) utenfor kjøretøyet |
| 55 | P2 | C | columns-nb/005-taiwan-company-establishment-advanced-2.md | "De følgende spørsmål og svar (Q&A) har til formål å hjelpe personer, der vurderer" | English "Q&A" plus Danish relative *der* in running Bokmål. | De følgende spørsmålene og svarene er ment for den som vurderer å stifte selskap i Taiwan. |
| 56 | P2 | A | columns-nb/006-taiwan-massage-history-law.md | "erklærte de store dommere (大法官) bestemmelsen" | "the big judges" is comic; 大法官 are the Grand Justices of the Judicial Yuan. | Til slutt erklærte Justis-yuans storjustitiarier (大法官) bestemmelsen |
| 57 | P2 | D | columns-nb/006-taiwan-massage-history-law.md | "På tilsvarende vis må i Korea, hvor talrike personer med synshemming" | Long Korea-only comparative coda on a Norwegian page; keep as comparative law, but signpost it. | Til sammenligning: i Korea, der mange personer med synshemming lever av massasje, |
| 58 | P2 | A | columns-nb/007-taiwan-divorce-lawsuit-qna.md | "nødunderholdet (贍養費) for den ektefelle uten skyld i artikkel 1057" | Norwegian *nødunderhold* is emergency support; 贍養費 is post-divorce spousal maintenance (the body later says this better). | underhold etter skilsmisse (贍養費) til den ektefellen som er uten skyld etter artikkel 1057 |
| 59 | P2 | D | columns-nb/007-taiwan-divorce-lawsuit-qna.md | "i kjennelse nummer 4 i året 112 (112年憲判字第4號)" | ROC year 112 is opaque in Norway (2023). Also 003: "år 109". | i kjennelse nr. 4 for år 112 (2023) (112年憲判字第4號) |
| 60 | P2 | B | columns-nb/008-taiwan-labor-severance-law.md | "er fratredelsesgodtgjørelsen i Taiwan virkelig vanskelig å oppnå??" | Double question mark and blog clickbait on a client-facing legal article. Also the H1. | Sluttvederlag i Taiwan: når det utbetales, og når det ikke gjør det |
| 61 | P2 | G | columns-nb/008-taiwan-labor-severance-law.md | "3. Force majeure krever en avbrytelse av virksomheten på 1 måned eller lenger" | French/English *force majeure* dropped into a Norwegian statute paraphrase (勞動基準法 art. 11). | 3. En ekstraordinær hendelse (不可抗力) krever at virksomheten stanses i en måned eller mer |
| 62 | P2 | B | columns-nb/009-taiwan-voluntary-resignation-severance.md | "''**tidspunktet**'' svært viktig." | Mixed ASCII quotes around a bold word; looks unedited. | det **tidspunktet** svært viktig. |
| 63 | P2 | C | columns-nb/008-taiwan-labor-severance-law.md | "God dag, jeg er Wei Tseng (曾雋崴), taiwansk advokat." | Sudden informal blog voice after the rest of the site’s stiff "De"-register; 003 Q16–Q20 and 006 have the same first-person shift. | Jeg heter Wei Tseng (曾雋崴) og er advokat i Taiwan. |
| 64 | P2 | C | columns-nb/001-taiwan-company-establishment-basics.md | "De veier, som utenlandske virksomheter og enkeltpersonforetak trer inn" | With site-wide capital **De**, "De veier" can be read “You weigh”; German comma before restrictive *som*. | Veiene utenlandske virksomheter og enkeltpersonforetak bruker for å komme inn på det taiwanske markedet |
| 65 | P2 | C | columns-nb/002-withdraw-capital-taiwan-company.md | "For selskapet med begrenset hefte (有限公司)" | Danish *kapitalejer* / *begrænset hæfte* stock; Norwegian company law says aksjeeiere / selskap med begrenset ansvar. Throughout 001–005. | For et selskap med begrenset ansvar (有限公司) kreves samtykke fra aksjeeiere som representerer 2/3 eller mer av stemmerettene |
```
=== end code=0 2026-09-21 16:34:27 ===
