WO-F-my r2 — Grok 4.7 fix lane — 2026-09-22
Workspace: /Users/son7/Projects/tseng-law-fix-my-r2
No git add/commit/push.

## Rows applied

Part a (my-a.md) — 13 of 14 P1/P2 rows applied
1 P1 004 — withholding-rate link no longer labeled as article (10). Label is now the standards (各類所得扣繳率標準) ပုဒ်မ 3. URL unchanged. Digit 10 kept as “ပုဒ်မ 10 မဟုတ်” because the checker counts Korean 제10조 (see skipped/disagreements).
2 P2 005 — overseas-investment report is filed when capital is remitted (တင်ရသည်), not already accepted.
3 P2 002 — suspension has no legal effect of extinguishing the company or settling every right and duty (အကျိုးသက်ရောက်မှု).
4 P2 008 — စောင့်ဆိုင်းဒဏ် → ဆိုင်းငံ့ပြစ်ဒဏ် (緩刑), matching 003.
5 P2 006 — “up to 3 / 5 years” (နှစ်အထိ), both sentences.
6 P2 003 — victim is the subject who does not perceive remorse (closing sentence).
7 P2 003 — ROC calendar on the three bare citations: 109 上易 644, 109 上易 477, 112 壢簡 236. No Gregorian year added.
8 P2 guidance bio — gloss “1.57 သန်း ထိုင်ဝမ်ဒေါ်လာအသစ်” around the pinned token. `TWD 1.57M` left byte-identical.
10 P2 spelling — စျ → ဈ (see systemic).
11 P2 003 — three “အခြေအနေ များသည်” calques rewritten as finite sentences.
12 P2 007 — လမ်းဖြတ် → ဖြတ်လမ်း (shortcut), both sentences. Railroad “လမ်းဖြတ်ကူးရာ” in 012 left alone.
13 P2 006 — မစ္စတာ လင်း (林) on all three mentions. He stays male.
14 P2 guidance — privacy nav and privacy eyebrow ကိုယ်ရေး → ကိုယ်ရေးလုံခြုံမှု. ကိုယ်ရေးအချက်အလက် (personal data) unchanged.

Part b (my-b.md) — 14 of 15 P1/P2 rows applied
1 P2 015 — question and the next answer ask whether every business type may operate at the designated place, checked through this system.
2 P2 018 — CPA capital verification: လက်မှတ်ရစာရင်းကိုင်၏ အရင်းအနှီး စစ်ဆေးအတည်ပြုချက်, including the bare စစ်ဆေးမှု in the branch sentence.
3 P2 018 — inward remittance ရင်းနှီးငွေ; branch step အရင်းအနှီး အတည်ပြုခြင်း. Not a fund.
4 P2 011 — heading and the next subsection body: အရောင်းမြှင့်တင်ခြင်း (宣傳) vs ကြော်ငြာ.
5 P2 011 — ထုတ်ကုန်ပုံစံ (劑型).
6 P2 014 — “professional or technical content” split out of the statutory training name. Statutory ကျွမ်းကျင်နည်းပညာ လေ့ကျင့်သင်တန်း kept. Four content phrases; the two Ministry sentences also use သင်ရိုး for curriculum.
7 P2 014 — a party relying on the professional-skills component must show how it differs, and who bore the cost.
8 P2 016 — ပိုင်ဆိုင်မှု (積極財產) နှင့် ကြွေး (消極財產).
9 P2 017 — အငှားနှင့် ငွေကြေးစီစဉ်မှု.
11 P2 011 — ကလောက်ဒ် သိုလှောင်ရာ.
12 P2 010 — တစ်ဖက်ကို ထိခိုက်စေသော ယူဆချက်.
13 P2 010 — ငွေကြေးမဟုတ်သော နစ်နာမှု. Same calque swept in 007 Art. 1056 (pecuniary / non-pecuniary pair).
14 P2 016 — the claim compares the increase; it is not “a system that compares”.
15 P2 018 — ယူဆချက် နမူနာ and ယူဆချက် စစ်ဆေးအခြေအနေ.

No test expected-string was pinned to a Burmese sentence that changed (vitest 3202 passed). None edited.

## Rows skipped

- my-a #9 and my-b #10 (U+200B lines in 003, 005, 006, 008, 009, 013, 015). The Korean source (`src/content/columns`) has the same zero-width lines. `checkBlocks` requires source ZWSP count = target ZWSP count (003: 52, 005: 8, 006: 4, 008: 10, 009: 5, 013: 5, 015: 3) and the same block count. Deleting them fails the checker. Left in place.
- Hangul in frontmatter `url:` (008, 009 and any other column). R16 / ACCEPTED-ROUND. Reviewer also said not to rewrite them.
- Requests that would merge or split blocks, add a Gregorian year, or reformat `TWD 1.57M`. Not done.

## Systemic patterns and how many instances changed

- Wrong market/price consonant စျ → letter ဈ: 9 (002: 2, 004: 6, guidance privacy “ဈေးကွက်ရှာဖွေရေး”: 1). 001 already had ဈ.
- Legal-effect calque အကျိုး for “effect”: 1 (002). No other “ရှင်းသည်ဟု အကျိုး”.
- “There are situations” closer အခြေအနေ များသည်: 3 (003 Q16 and the two closing paragraphs).
- Bare ROC case years 109/112: 3 link labels in 003. 007 and 010 already say ထိုင်ဝမ်သမ္မတနိုင်ငံ (民國).
- Investment capital called a fund (ရန်ပုံငွေ) in 018: 2. Other ရန်ပုံငွေ in 004/005/007 are fundraising or purchase funds, not this step.
- “Professional or technical content” folded into ကျွမ်းကျင်နည်းပညာ: 4 phrases in 014. The statutory course name was not rewritten.
- Non-pecuniary calque ပိုင်ဆိုင်မှုမဟုတ်သော: 1 in 010, plus the 007 Art. 1056 pair (two phrases in that sentence).
- Hypothetical written as fantasy (စိတ်ကူးယဉ်): 2 in 018.
- Shortcut လမ်းဖြတ်: 2 in 007.
- Mr. Lin without a male title: 3 in 006.
- “အများဆုံး … နှစ်အောက်”: 2 in 006.
- Privacy nav/eyebrow that only said ကိုယ်ရေး: 2.
- U+200B: 0 changed (87 characters left; checker-pinned). See skipped rows.

R2–R17 were already in this Burmese pack (negative consultation lock; feminine ကျွန်မ / ဒေါ် Wei Tseng; R9 Taiwan 119/110/112; R3 softened months in 003; roles already in Burmese; no Thai, no OOO, no `[변호사 검수 필요]`). Those were checked and not reopened. 012 had no finding row.

## §Verify

```
neighbour      PASS   
hanzi          PASS   han=72
numbers        PASS   sourceCount=25 targetCount=25
nationality    PASS   
langid         PASS   
currency       PASS   

summary  PASS  18/18 files
===== MARKERS =====
       0
===== TSC =====
TSC_OK
===== VITEST =====
 Test Files  160 passed (160)
      Tests  3202 passed (3202)
===== GIT =====
      19
```

Command sequence was the work-order checker tail, marker `wc -l`, `tsc --noEmit` (TSC_OK), vitest grep, and `git status --short | wc -l`. The 19 is before this log file. Markers 0. Hangul outside `url:` in columns-my: none.

## Reviewer got wrong (not applied as stated)

- Deleting U+200B. Those lines are in the Korean source the checker diffs against. They are not a Burmese-only defect, and removing them fails `blocks` (ZWSP count and block count). Left unchanged.
- Dropping the digit 10 from the 004 link. The reviewer is right that `(10)` is not Article 3 of 各類所得扣繳率標準 (URL `pcode=G0340028&flno=3`). The Korean source still says 영업세법 제10조, and the checker fails if 10 disappears (`missing from translation (1): 10`). The published label names ပုဒ်မ 3 and keeps the digit only as “ပုဒ်မ 10 မဟုတ်”.
