[WO start 2026-09-21 16:20:14]
Native review of Dutch columns 010–018 is in `docs/i18n/global-plan/reviews/native/nl-b.md`. Guidance pack was out of scope (part a). Overall naturalness **2/5**: 012 is the only file a client would finish; 013 is leftover Korean blog; 014/016/017 are dense Belgian/German legal Dutch.

**11 P1s** to fix before a client sees the pages: meaning shifts (*had ontvangen* for an assigned deadlift; *nabestaanden* of A who did not die; *wezenlijke* for “this concludes”; *takken*/*vervoerscommissie*/*vennoten*), Korea put back in 011, Investment *Review* rendered as *onderzoek*, digit `(3)` for a third party, a Japanese Invest Taiwan URL, and French *prestataire* in 018. No masculine form for Wei Tseng. No win-rate/guarantee P1; 015’s *te allen tijde* is the only availability slip (P2).

Last 15 lines of the output file:

```
| 41 | P2 | G | columns-nl/013-taiwan-company-establishment-advanced-1.md | "De volgende vragen en antwoorden (Q&A) beogen personen te helpen" | English abbreviation left in running Dutch, plus the blog smiley on the line above. Same as part a 005. | De volgende vragen en antwoorden zijn bedoeld voor wie een vennootschap in Taiwan overweegt. |
| 42 | P2 | G | columns-nl/013-taiwan-company-establishment-advanced-1.md | "Toelichting：" | Fullwidth CJK colon (：) in a Dutch heading. | Toelichting: |
| 43 | P2 | B | columns-nl/013-taiwan-company-establishment-advanced-1.md | "verleent de verhuurder in huurovereenkomsten voor winkelpanden in Taiwan de huurder vaak een „**inrichtingsperiode**“" | German low-high quotes „…“; Dutch web copy uses “…” or just bold. | verleent de verhuurder … vaak een **inrichtingsperiode** (裝潢期間) |
| 44 | P2 | C | columns-nl/013-taiwan-company-establishment-advanced-1.md | "dient u zich grondig met een advocaat of een advocate van Taiwan uit te wisselen" | German *austauschen*; Dutch lawyers *overleggen*. The split advocaat/advocate is over-gendered, not about Wei Tseng. | dient u dit grondig te overleggen met een advocaat in Taiwan |
| 45 | P2 | C | columns-nl/013-taiwan-company-establishment-advanced-1.md | "Indien u steun of een gesprek over het recht van Taiwan nodig hebt, laat dan een reactie achter" | *Steun* is the same false friend as part a; “leave a comment” is Korean-blog CTA on a law-firm page. | Als u advies over Taiwanees recht nodig hebt, neem dan contact op. |
| 46 | P2 | C | columns-nl/013-taiwan-company-establishment-advanced-1.md | "Vb.) Indien de bedrijfsactiviteit de horeca is" | Memo abbreviation *Vb.)* (voorbeeld); Netherlands body copy uses *Bijvoorbeeld*. Twice in Q5. | Bijvoorbeeld: indien de bedrijfsactiviteit de horeca is |
| 47 | P2 | B | columns-nl/013-taiwan-company-establishment-advanced-1.md | "een werkvisum alsmede een verblijfskaart (外僑居留證) verkregen," | First sentence ends on a comma, then a blank line; the next clause is a new sentence. Korean-blog line breaks. | … verkregen. De vragen die bij de oprichting vaak worden gesteld, zijn hieronder verzameld. |
| 48 | P2 | C | columns-nl/017-taiwan-logistics-business-setup.md | "de doelvennootschap, subject-houder van de vergunning" | German *Rechtssubjekt* stacked into *subject-houder*; Dutch says de vennootschap die de vergunning houdt. Also FAQ. | de doelvennootschap, die de vergunning houdt |
| 49 | P2 | C | columns-nl/017-taiwan-logistics-business-setup.md | "de voertuiginzet en de klantenaandacht" | *Klantenaandacht* is a calque of customer-care/關照; Dutch is klantenservice or nazorg. Also “overdracht … van … klantenaandacht”. | de inzet van voertuigen en de klantenservice |
| 50 | P2 | B | columns-nl/017-taiwan-logistics-business-setup.md | "een beroeprijbewijs voor kleine voertuigen (小型車職業駕駛執照)" | Missing -s-: *beroepsrijbewijs*. Also in the FAQ. | een beroepsrijbewijs voor kleine voertuigen (小型車職業駕駛執照) |
| 51 | P2 | C | columns-nl/018-taiwan-semiconductor-market-entry.md | "de interne verdeling van de buitencontracten, de levering, de dekking van gebreken" | *Buitencontracten* is not a word; English is “external contracts”. | de interne verdeling van de externe contracten, de levering en de dekking van gebreken |
| 52 | P2 | G | columns-nl/018-taiwan-semiconductor-market-entry.md | "In governance kan een niet-openbaar emitterende vennootschap bij de statuten geen raad hebben" | English *governance* left in Dutch running text; same file also has *auditdrempels*. | In de governance / het bestuur kan een niet-beursgenoteerde vennootschap in de statuten bepalen dat er geen raad is |
| 53 | P2 | C | columns-nl/018-taiwan-semiconductor-market-entry.md | "de kalender is in het algemeen korter" | Same *het kalender* gender/sense error as 011; English is “formation timetable”. | de doorlooptijd is in het algemeen korter |
| 54 | P2 | C | columns-nl/014-taiwan-mandatory-employment-period.md | "in plaats van van meet af aan te besluiten alleen omdat de afspraak van lange duur is" | Belgian *van meet af aan* plus stacked *van van*; NL is *bij voorbaat*. Also “geen norm die van meet af aan alle afspraken”. | in plaats van bij voorbaat te concluderen alleen omdat de afspraak lang duurt |
| 55 | P2 | C | columns-nl/017-taiwan-logistics-business-setup.md | "een domicileregister (戶籍) in het bevoegde arrondissement" | Belgian *domicilie* + *arrondissement*; NL reader expects inschrijving in het bevolkingsregister of huishoudregistratie, in het bevoegde district. Also FAQ. | een inschrijving in het bevolkingsregister (戶籍) in het bevoegde district |
```
=== end code=0 2026-09-21 16:27:16 ===
