[WO start 2026-09-21 16:37:54]
Native review of columns 010–018 is in `docs/i18n/global-plan/reviews/native/ar-b.md`. Guidance pack was out of scope (part a). Naturalness: **n/a for guidance, 3/5 for columns**. 15 P1s (gender, trust/parent mix-up, ad-rule CTAs, leftover Korean/Japanese) and 30 P2s. 014, 017 and 018 are usable MSA; 013 and 015 still read like a Korean law blog.

Last 15 lines of the output file:

```
| 31 | P2 | B | columns-ar/013-taiwan-company-establishment-advanced-1.md | "يمكن طلب '«جدول البيانات الأساسية» (統一證號基本資料表)" | Mixed English single quote and Arabic guillemets around one term. | يمكن طلب «جدول البيانات الأساسية» (統一證號基本資料表) |
| 32 | P2 | A | columns-ar/013-taiwan-company-establishment-advanced-1.md | "ومما إذا كانت قوى خارجية تُدخل الأموال تحت مسمى آخر" | قوى خارجية reads as foreign powers; English is foreign parties bringing funds under another pretext. | ومما إذا كانت أطراف أجنبية تُدخل الأموال تحت مسمى آخر |
| 33 | P2 | A | columns-ar/013-taiwan-company-establishment-advanced-1.md | "لائحة استثمار الأجانب (外國人投資條例)" | 條例 is a statute, not a regulation (لائحة). also 017 link label "لائحة الاستثمار الأجنبي". | قانون استثمار الأجانب (外國人投資條例) |
| 34 | P2 | C | columns-ar/013-taiwan-company-establishment-advanced-1.md | "وفي هذا الجانب يُستحسن التشاور الكافي مع محامٍ تايواني." | Blog aside plus masculine generic on a page that already promises “contact at any time”. | وفي هذا الجانب يُستحسن مراجعة مختص في قانون الشركات التايواني عبر صفحة التواصل. |
| 35 | P2 | C | columns-ar/014-taiwan-mandatory-employment-period.md | "## 1. متى ينفذ اتفاق الحد الأدنى لمدة العمل" | Section 1 opens with the FAQ answer "لا." under a “when” heading, so the paragraph does not answer the heading. also 011 §1, 016 §§3 and 7, 017 §1. | اجعلوا العنوان السؤال الذي يجيب عنه المتن، أو ابدأوا بجملة مكتفية بذاتها لا بـ«لا.» |
| 36 | P2 | C | columns-ar/014-taiwan-mandatory-employment-period.md | "وليس المعنى وجوب تقديم التدريب التقني المتخصص والتعويض المعقول معًا دائمًا" | Calque of “does not mean”; native ولا يعني ذلك أن. also 016 "وليس المعنى أن مرشحًا". | ولا يعني ذلك وجوب تقديم التدريب التقني المتخصص والتعويض المعقول معًا دائمًا |
| 37 | P2 | C | columns-ar/015-taiwan-company-setup-pitch-location.md | "**س. هل يجب على كل نشاط أن يستعلم" | Korean/Chinese Q-marker "س." ; Gulf/Levant legal copy uses "سؤال:" or the question alone. | **سؤال: هل يجب على كل نشاط أن يستعلم |
| 38 | P2 | C | columns-ar/015-taiwan-company-setup-pitch-location.md | "لذلك يُستحسن الانتباه إلى هذه النقطة!" | Blog bang no native legal page would keep. | لذلك يُستحسن التحقق من هذه النقطة قبل تسجيل الشركة. |
| 39 | P2 | C | columns-ar/016-taiwan-inheritance-custody-analysis.md | "لذا يكون أأمن إدارة نقطة بدء كل إجراء" | Elative أأمن is grammatical but no legal editor would write it (same as 001 in part a). | لذا يكون من الأسلم إدارة نقطة بدء كل إجراء |
| 40 | P2 | C | columns-ar/016-taiwan-inheritance-custody-analysis.md | "غير أن اختصاص القضية المفردة وشروط التقديم" | Stock calque of 個案; native القضية المعيَّنة. | غير أن اختصاص القضية المعيَّنة وشروط التقديم |
| 41 | P2 | G | columns-ar/016-taiwan-inheritance-custody-analysis.md | "النسخة الإنكليزية من القانون المدني" | Guidance uses الإنجليزية (Gulf-neutral); 016 uses Levant إنكليزية — pick one. also running text "النسخة الإنكليزية مادةً مساعدة". | النسخة الإنجليزية من القانون المدني |
| 42 | P2 | D | columns-ar/016-taiwan-inheritance-custody-analysis.md | "ممارسة الحقوق والواجبات تجاه الابن القاصر" | 子女 is a child of either sex; الابن is a son. Systemic in the title, FAQ and §§5–8. | ممارسة الحقوق والواجبات تجاه الطفل القاصر |
| 43 | P2 | A | columns-ar/018-taiwan-semiconductor-market-entry.md | "فلا يلزم تعيين مراقب منفصل" | 監察人 (company supervisor) with no Chinese gloss; مراقب alone collides with auditor. also "ألا تعيّن مراقباً". | فلا يلزم تعيين مراقب نظامي منفصل (監察人) |
| 44 | P2 | A | columns-ar/018-taiwan-semiconductor-market-entry.md | "مراجعة لجنة مراجعة الاستثمار في وزارة الاقتصاد مطلوبة لتأسيس الشركة التابعة فقط" | Heading says لجنة (old 投審會); body correctly uses إدارة مراجعة الاستثمار (經濟部投資審議司). | مراجعة إدارة مراجعة الاستثمار بوزارة الاقتصاد مطلوبة لتأسيس الشركة التابعة فقط |
| 45 | P2 | C | columns-ar/013-taiwan-company-establishment-advanced-1.md | "عند تأسيس الشركة، هل يمكن استئجار فضاء مكتبي تجاري؟" | فضاء مكتبي تجاري copies “commercial office space”; native مكتب تجاري / مقر مكتبي. | عند تأسيس الشركة، هل يمكن استئجار مكتب تجاري؟ |
```
=== end code=0 2026-09-21 16:43:20 ===
