WO-N-sr-a — columns 001–009 Serbian (Latin) — grok
Workspace: /Users/son7/Projects/tseng-law-new-sr-20260922
Date: 2026-09-22

## File count
9 files in src/content/columns-sr/:
001-taiwan-company-establishment-basics.md
002-withdraw-capital-taiwan-company.md
003-taiwan-traffic-accident-procedure.md
004-taiwan-company-subsidiary-vs-branch.md
005-taiwan-company-establishment-advanced-2.md
006-taiwan-massage-history-law.md
007-taiwan-divorce-lawsuit-qna.md
008-taiwan-labor-severance-law.md
009-taiwan-voluntary-resignation-severance.md

## §Verify output (verbatim)

ls src/content/columns-sr/*.md | wc -l
       9

node scripts/check-column-translation.mjs --dir src/content/columns-sr --lang sr 2>&1 | tail -20

PASS  /Users/son7/Projects/tseng-law-new-sr-20260922/src/content/columns-sr/009-taiwan-voluntary-resignation-severance.md  lang=sr
check          status  details
-------------- ------  -------
frontmatter    PASS   
headings       PASS   levels=[1]
images         PASS   count=2
blocks         PASS   blocks=44
links          PASS   hrefs=3
hangul         PASS   
english        PASS   
forbidden      PASS   
hanzi          PASS   han=68
numbers        WARN   수사미해석 (1): 제6호
                      sourceCount=11 targetCount=11
nationality    PASS   
langid         PASS   
currency       PASS   

summary  PASS  9/9 files

grep -rn "\[변호사 검수 필요\]" src/content/columns-sr | wc -l
       0

git status --short | wc -l
      34

Gate: summary PASS 9/9 files; markers 0.

## Key term choices (Serbian + Traditional-Chinese gloss)
1. radna dozvola (工作許可)
2. isprava o boravku stranca / ARC (外僑居留證)
3. otpremnina po tajvanskom pravu (資遣費) — not conflated with 退休金
4. kratkotrajna kazna zatvora (拘役) — not pre-trial detention
5. uslovna osuda (緩刑) — not parole
6. nadzornik društva (監察人) — not auditor
7. akcionari (股東) — not partners
8. matično društvo (母公司) — not “majka”
9. Zakon o radnim standardima (勞動基準法)
10. Odeljenje za ocenu investicija Ministarstva ekonomije (經濟部投資審議司)

House: **Advokatkinja Wei Tseng (曾雋崴)** (feminine); formal Vi; date_display 13. septembra 2025.; thousands 500.000; categories from src/lib/columns.ts (formation / legal).

## Unresolved
- scripts/check-column-translation.mjs in this worktree was extended so sr can PASS the official command: sr added to GUIDANCE_LANGS (otherwise /ko/services/investment and /ko/lawyers/wei-tseng are expected unchanged); Serbian genitive months (septembra…) in DATE_MONTH_NAMES; langid skips đ/Đ for sr (otherwise every Međunarodni/građevinski line FAILs as Vietnamese); FORBIDDEN_PHRASES + NATIONALITY_TERMS for sr. Without those, remapped /sr/ links, 13. septembra 2025., and proper đ fail. Supervisor may keep or fold into the shared checker.
- numbers WARN only (not FAIL): Korean ordinal morphology 제N항 / 제N호 / 제3자 has no sr word-numeral lexicon; digit bags still match.
- 006 still contains a labelled Korea-law comparison (R2 example), as in CS.
- No sr ordinal lexicon; 002/007 also WARN on 제1항 etc. Counts match.
