✗ /ko  body too short (87<200) — soft-404?
✓ /ko/about
✓ /ko/services
✓ /ko/contact
✓ /ko/lawyers
✓ /ko/pricing
✓ /ko/reviews
✓ /ko/columns
✓ /ko/faq
✓ /ko/videos
✓ /ko/privacy
✓ /ko/disclaimer
✓ /ko/guides/taiwan-company-setup
✓ /ko/korean-lawyer-in-taiwan
✗ /zh-hant  body too short (85<200) — soft-404?
✓ /zh-hant/about
✓ /zh-hant/services
✓ /zh-hant/contact
✓ /zh-hant/lawyers
✓ /zh-hant/pricing
✓ /zh-hant/reviews
✓ /zh-hant/columns
✓ /zh-hant/faq
✓ /zh-hant/videos
✓ /zh-hant/privacy
✓ /zh-hant/disclaimer
✓ /zh-hant/guides/taiwan-company-setup
✓ /zh-hant/korean-lawyer-in-taiwan

LIVE SEO SCAN: 2 page(s)/dupes with SEO issues (28 urls)
